16:22:26,600 INFO journal:Runtime journal is using 8.0M (max allowed 197.5M, trying to leave 296.2M free of 1.9G available → current limit 197.5M).
16:22:26,600 INFO kernel:Initializing cgroup subsys cpuset
16:22:26,600 INFO kernel:Initializing cgroup subsys cpu
16:22:26,600 INFO kernel:Initializing cgroup subsys cpuacct
16:22:26,600 NOTICE kernel:Linux version 3.10.0-1127.el7.x86_64 (mockbuild@kbuilder.bsys.centos.org) (gcc version 4.8.5 20150623 (Red Hat 4.8.5-39) (GCC) ) #1 SMP Tue Mar 31 23:36:51 UTC 2020
16:22:26,600 INFO kernel:Command line: initrd=initrd.img inst.stage2=hd:LABEL=CentOS\x207\x20x86_64 rd.live.check quiet BOOT_IMAGE=vmlinuz 
16:22:26,600 INFO kernel:e820: BIOS-provided physical RAM map:
16:22:26,600 INFO kernel:BIOS-e820: [mem 0x0000000000000000-0x000000000009fbff] usable
16:22:26,600 INFO kernel:BIOS-e820: [mem 0x000000000009fc00-0x000000000009ffff] reserved
16:22:26,600 INFO kernel:BIOS-e820: [mem 0x00000000000f0000-0x00000000000fffff] reserved
16:22:26,600 INFO kernel:BIOS-e820: [mem 0x0000000000100000-0x00000000bffdcfff] usable
16:22:26,600 INFO kernel:BIOS-e820: [mem 0x00000000bffdd000-0x00000000bfffffff] reserved
16:22:26,600 INFO kernel:BIOS-e820: [mem 0x00000000feffc000-0x00000000feffffff] reserved
16:22:26,600 INFO kernel:BIOS-e820: [mem 0x00000000fffc0000-0x00000000ffffffff] reserved
16:22:26,600 INFO kernel:BIOS-e820: [mem 0x0000000100000000-0x000000013fffffff] usable
16:22:26,600 INFO kernel:NX (Execute Disable) protection: active
16:22:26,600 INFO kernel:SMBIOS 2.8 present.
16:22:26,600 INFO kernel:DMI: QEMU Standard PC (i440FX + PIIX, 1996), BIOS rel-1.13.0-0-gf21b5a4aeb02-prebuilt.qemu.org 04/01/2014
16:22:26,600 INFO kernel:Hypervisor detected: KVM
16:22:26,600 DEBUG kernel:e820: update [mem 0x00000000-0x00000fff] usable ==> reserved
16:22:26,600 DEBUG kernel:e820: remove [mem 0x000a0000-0x000fffff] usable
16:22:26,600 INFO kernel:e820: last_pfn = 0x140000 max_arch_pfn = 0x400000000
16:22:26,600 DEBUG kernel:MTRR default type: write-back
16:22:26,600 DEBUG kernel:MTRR fixed ranges enabled:
16:22:26,600 DEBUG kernel:  00000-9FFFF write-back
16:22:26,600 DEBUG kernel:  A0000-BFFFF uncachable
16:22:26,600 DEBUG kernel:  C0000-FFFFF write-protect
16:22:26,600 DEBUG kernel:MTRR variable ranges enabled:
16:22:26,600 DEBUG kernel:  0 base 00C0000000 mask FFC0000000 uncachable
16:22:26,600 DEBUG kernel:  1 disabled
16:22:26,600 DEBUG kernel:  2 disabled
16:22:26,600 DEBUG kernel:  3 disabled
16:22:26,600 DEBUG kernel:  4 disabled
16:22:26,600 DEBUG kernel:  5 disabled
16:22:26,600 DEBUG kernel:  6 disabled
16:22:26,600 DEBUG kernel:  7 disabled
16:22:26,600 INFO kernel:PAT not supported by CPU.
16:22:26,600 INFO kernel:e820: last_pfn = 0xbffdd max_arch_pfn = 0x400000000
16:22:26,600 INFO kernel:found SMP MP-table at [mem 0x000f5aa0-0x000f5aaf] mapped at [ffffffffff200aa0]
16:22:26,600 DEBUG kernel:Base memory trampoline at [ffff9ed580099000] 99000 size 24576
16:22:26,600 DEBUG kernel:BRK [0x2f473000, 0x2f473fff] PGTABLE
16:22:26,600 DEBUG kernel:BRK [0x2f474000, 0x2f474fff] PGTABLE
16:22:26,600 DEBUG kernel:BRK [0x2f475000, 0x2f475fff] PGTABLE
16:22:26,600 DEBUG kernel:BRK [0x2f476000, 0x2f476fff] PGTABLE
16:22:26,600 DEBUG kernel:BRK [0x2f477000, 0x2f477fff] PGTABLE
16:22:26,600 INFO kernel:RAMDISK: [mem 0x7cb5d000-0x7fffefff]
16:22:26,600 INFO kernel:Early table checksum verification disabled
16:22:26,600 WARNING kernel:ACPI: RSDP 00000000000f58a0 00014 (v00 BOCHS )
16:22:26,600 WARNING kernel:ACPI: RSDT 00000000bffe156f 00030 (v01 BOCHS  BXPCRSDT 00000001 BXPC 00000001)
16:22:26,601 WARNING kernel:ACPI: FACP 00000000bffe144b 00074 (v01 BOCHS  BXPCFACP 00000001 BXPC 00000001)
16:22:26,601 WARNING kernel:ACPI: DSDT 00000000bffe0040 0140B (v01 BOCHS  BXPCDSDT 00000001 BXPC 00000001)
16:22:26,601 WARNING kernel:ACPI: FACS 00000000bffe0000 00040
16:22:26,601 WARNING kernel:ACPI: APIC 00000000bffe14bf 00078 (v01 BOCHS  BXPCAPIC 00000001 BXPC 00000001)
16:22:26,601 WARNING kernel:ACPI: HPET 00000000bffe1537 00038 (v01 BOCHS  BXPCHPET 00000001 BXPC 00000001)
16:22:26,601 DEBUG kernel:ACPI: Local APIC address 0xfee00000
16:22:26,601 INFO kernel:No NUMA configuration found
16:22:26,601 INFO kernel:Faking a node at [mem 0x0000000000000000-0x000000013fffffff]
16:22:26,601 INFO kernel:NODE_DATA(0) allocated [mem 0x13ffd6000-0x13fffcfff]
16:22:26,601 INFO kernel:kvm-clock: cpu 0, msr 1:3ff85001, primary cpu clock
16:22:26,601 INFO kernel:kvm-clock: Using msrs 4b564d01 and 4b564d00
16:22:26,601 INFO kernel:kvm-clock: using sched offset of 24294535953 cycles
16:22:26,601 WARNING kernel:Zone ranges:
16:22:26,601 WARNING kernel:  DMA      [mem 0x00001000-0x00ffffff]
16:22:26,601 WARNING kernel:  DMA32    [mem 0x01000000-0xffffffff]
16:22:26,601 WARNING kernel:  Normal   [mem 0x100000000-0x13fffffff]
16:22:26,601 WARNING kernel:Movable zone start for each node
16:22:26,601 WARNING kernel:Early memory node ranges
16:22:26,601 WARNING kernel:  node   0: [mem 0x00001000-0x0009efff]
16:22:26,601 WARNING kernel:  node   0: [mem 0x00100000-0xbffdcfff]
16:22:26,602 WARNING kernel:  node   0: [mem 0x100000000-0x13fffffff]
16:22:26,602 INFO kernel:Initmem setup node 0 [mem 0x00001000-0x13fffffff]
16:22:26,602 DEBUG kernel:On node 0 totalpages: 1048443
16:22:26,602 DEBUG kernel:  DMA zone: 64 pages used for memmap
16:22:26,602 DEBUG kernel:  DMA zone: 21 pages reserved
16:22:26,602 DEBUG kernel:  DMA zone: 3998 pages, LIFO batch:0
16:22:26,602 DEBUG kernel:  DMA32 zone: 12224 pages used for memmap
16:22:26,602 DEBUG kernel:  DMA32 zone: 782301 pages, LIFO batch:31
16:22:26,602 DEBUG kernel:  Normal zone: 4096 pages used for memmap
16:22:26,602 DEBUG kernel:  Normal zone: 262144 pages, LIFO batch:31
16:22:26,602 INFO kernel:ACPI: PM-Timer IO Port: 0x608
16:22:26,602 DEBUG kernel:ACPI: Local APIC address 0xfee00000
16:22:26,602 INFO kernel:ACPI: LAPIC (acpi_id[0x00] lapic_id[0x00] enabled)
16:22:26,602 INFO kernel:ACPI: LAPIC_NMI (acpi_id[0xff] dfl dfl lint[0x1])
16:22:26,602 INFO kernel:ACPI: IOAPIC (id[0x00] address[0xfec00000] gsi_base[0])
16:22:26,602 INFO kernel:IOAPIC[0]: apic_id 0, version 17, address 0xfec00000, GSI 0-23
16:22:26,602 INFO kernel:ACPI: INT_SRC_OVR (bus 0 bus_irq 0 global_irq 2 dfl dfl)
16:22:26,602 INFO kernel:ACPI: INT_SRC_OVR (bus 0 bus_irq 5 global_irq 5 high level)
16:22:26,602 INFO kernel:ACPI: INT_SRC_OVR (bus 0 bus_irq 9 global_irq 9 high level)
16:22:26,602 INFO kernel:ACPI: INT_SRC_OVR (bus 0 bus_irq 10 global_irq 10 high level)
16:22:26,602 INFO kernel:ACPI: INT_SRC_OVR (bus 0 bus_irq 11 global_irq 11 high level)
16:22:26,602 DEBUG kernel:ACPI: IRQ0 used by override.
16:22:26,602 DEBUG kernel:ACPI: IRQ5 used by override.
16:22:26,602 DEBUG kernel:ACPI: IRQ9 used by override.
16:22:26,602 DEBUG kernel:ACPI: IRQ10 used by override.
16:22:26,602 DEBUG kernel:ACPI: IRQ11 used by override.
16:22:26,602 INFO kernel:Using ACPI (MADT) for SMP configuration information
16:22:26,602 INFO kernel:ACPI: HPET id: 0x8086a201 base: 0xfed00000
16:22:26,602 INFO kernel:smpboot: Allowing 1 CPUs, 0 hotplug CPUs
16:22:26,602 INFO kernel:PM: Registered nosave memory: [mem 0x0009f000-0x0009ffff]
16:22:26,602 INFO kernel:PM: Registered nosave memory: [mem 0x000a0000-0x000effff]
16:22:26,602 INFO kernel:PM: Registered nosave memory: [mem 0x000f0000-0x000fffff]
16:22:26,602 INFO kernel:PM: Registered nosave memory: [mem 0xbffdd000-0xbfffffff]
16:22:26,602 INFO kernel:PM: Registered nosave memory: [mem 0xc0000000-0xfeffbfff]
16:22:26,602 INFO kernel:PM: Registered nosave memory: [mem 0xfeffc000-0xfeffffff]
16:22:26,602 INFO kernel:PM: Registered nosave memory: [mem 0xff000000-0xfffbffff]
16:22:26,602 INFO kernel:PM: Registered nosave memory: [mem 0xfffc0000-0xffffffff]
16:22:26,602 INFO kernel:e820: [mem 0xc0000000-0xfeffbfff] available for PCI devices
16:22:26,602 INFO kernel:Booting paravirtualized kernel on KVM
16:22:26,602 INFO kernel:setup_percpu: NR_CPUS:5120 nr_cpumask_bits:1 nr_cpu_ids:1 nr_node_ids:1
16:22:26,602 INFO kernel:percpu: Embedded 38 pages/cpu s118784 r8192 d28672 u2097152
16:22:26,602 DEBUG kernel:pcpu-alloc: s118784 r8192 d28672 u2097152 alloc=1*2097152
16:22:26,602 DEBUG kernel:pcpu-alloc: [0] 0 
16:22:26,602 INFO kernel:KVM setup async PF for cpu 0
16:22:26,602 INFO kernel:kvm-stealtime: cpu 0, msr 13fc1c040
16:22:26,602 WARNING kernel:Built 1 zonelists in Node order, mobility grouping on.  Total pages: 1032038
16:22:26,602 WARNING kernel:Policy zone: Normal
16:22:26,602 NOTICE kernel:Kernel command line: initrd=initrd.img inst.stage2=hd:LABEL=CentOS\x207\x20x86_64 rd.live.check quiet BOOT_IMAGE=vmlinuz 
16:22:26,602 INFO kernel:PID hash table entries: 4096 (order: 3, 32768 bytes)
16:22:26,602 INFO kernel:Memory: 3988364k/5242880k available (7784k kernel code, 1049108k absent, 205408k reserved, 5957k data, 1980k init)
16:22:26,602 INFO kernel:SLUB: HWalign=64, Order=0-3, MinObjects=0, CPUs=1, Nodes=1
16:22:26,602 INFO kernel:x86/pti: Unmapping kernel while in userspace
16:22:26,602 INFO kernel:Hierarchical RCU implementation.
16:22:26,602 INFO kernel:#011RCU restricting CPUs from NR_CPUS=5120 to nr_cpu_ids=1.
16:22:26,602 INFO kernel:NR_IRQS:327936 nr_irqs:256 0
16:22:26,602 INFO kernel:Console: colour VGA+ 80x25
16:22:26,602 INFO kernel:console [tty0] enabled
16:22:26,602 INFO kernel:allocated 16777216 bytes of page_cgroup
16:22:26,602 INFO kernel:please try 'cgroup_disable=memory' option if you don't want memory cgroups
16:22:26,602 DEBUG kernel:hpet clockevent registered
16:22:26,602 INFO kernel:tsc: Detected 2903.992 MHz processor
16:22:26,602 INFO kernel:Calibrating delay loop (skipped) preset value.. 5807.98 BogoMIPS (lpj=2903992)
16:22:26,602 INFO kernel:pid_max: default: 32768 minimum: 301
16:22:26,602 INFO kernel:Security Framework initialized
16:22:26,602 INFO kernel:SELinux:  Initializing.
16:22:26,602 DEBUG kernel:SELinux:  Starting in permissive mode
16:22:26,602 INFO kernel:Yama: becoming mindful.
16:22:26,602 INFO kernel:Dentry cache hash table entries: 524288 (order: 10, 4194304 bytes)
16:22:26,602 INFO kernel:Inode-cache hash table entries: 262144 (order: 9, 2097152 bytes)
16:22:26,602 INFO kernel:Mount-cache hash table entries: 8192 (order: 4, 65536 bytes)
16:22:26,602 INFO kernel:Mountpoint-cache hash table entries: 8192 (order: 4, 65536 bytes)
16:22:26,602 INFO kernel:Initializing cgroup subsys memory
16:22:26,602 INFO kernel:Initializing cgroup subsys devices
16:22:26,602 INFO kernel:Initializing cgroup subsys freezer
16:22:26,602 INFO kernel:Initializing cgroup subsys net_cls
16:22:26,602 INFO kernel:Initializing cgroup subsys blkio
16:22:26,602 INFO kernel:Initializing cgroup subsys perf_event
16:22:26,602 INFO kernel:Initializing cgroup subsys hugetlb
16:22:26,602 INFO kernel:Initializing cgroup subsys pids
16:22:26,602 INFO kernel:Initializing cgroup subsys net_prio
16:22:26,602 INFO kernel:Last level iTLB entries: 4KB 0, 2MB 0, 4MB 0
16:22:26,602 INFO kernel:Last level dTLB entries: 4KB 0, 2MB 0, 4MB 0
16:22:26,602 INFO kernel:tlb_flushall_shift: 6
16:22:26,602 INFO kernel:FEATURE SPEC_CTRL Not Present
16:22:26,602 INFO kernel:FEATURE IBPB_SUPPORT Not Present
16:22:26,602 INFO kernel:Spectre V1 : Mitigation: Load fences, usercopy/swapgs barriers and __user pointer sanitization
16:22:26,602 INFO kernel:Spectre V2 : Vulnerable: Retpoline without IBPB
16:22:26,602 INFO kernel:Speculative Store Bypass: Vulnerable
16:22:26,602 INFO kernel:MDS: Vulnerable: Clear CPU buffers attempted, no microcode
16:22:26,602 INFO kernel:Freeing SMP alternatives: 28k freed
16:22:26,602 INFO kernel:ACPI: Core revision 20130517
16:22:26,602 WARNING kernel:ACPI: All ACPI Tables successfully acquired
16:22:26,602 INFO kernel:ftrace: allocating 29618 entries in 116 pages
16:22:26,602 INFO kernel:Enabling x2apic
16:22:26,602 INFO kernel:Enabled x2apic
16:22:26,602 INFO kernel:Switched APIC routing to physical x2apic.
16:22:26,602 INFO kernel:..TIMER: vector=0x30 apic1=0 pin1=2 apic2=-1 pin2=-1
16:22:26,602 INFO kernel:smpboot: CPU0: Intel QEMU Virtual CPU version 2.5+ (fam: 06, model: 06, stepping: 03)
16:22:26,602 INFO kernel:Performance Events: PMU not available due to virtualization, using software events only.
16:22:26,602 INFO kernel:Brought up 1 CPUs
16:22:26,602 INFO kernel:smpboot: Max logical packages: 1
16:22:26,602 INFO kernel:smpboot: Total of 1 processors activated (5807.98 BogoMIPS)
16:22:26,602 INFO kernel:devtmpfs: initialized
16:22:26,603 INFO kernel:x86/mm: Memory block size: 128MB
16:22:26,603 INFO kernel:EVM: security.selinux
16:22:26,603 INFO kernel:EVM: security.ima
16:22:26,603 INFO kernel:EVM: security.capability
16:22:26,603 INFO kernel:atomic64 test passed for x86-64 platform with CX8 and with SSE
16:22:26,603 INFO kernel:pinctrl core: initialized pinctrl subsystem
16:22:26,603 INFO kernel:RTC time: 16:22:22, date: 05/23/20
16:22:26,603 INFO kernel:NET: Registered protocol family 16
16:22:26,603 INFO kernel:cpuidle: using governor haltpoll
16:22:26,603 INFO kernel:ACPI: bus type PCI registered
16:22:26,603 INFO kernel:acpiphp: ACPI Hot Plug PCI Controller Driver version: 0.5
16:22:26,603 INFO kernel:PCI: Using configuration type 1 for base access
16:22:26,603 INFO kernel:ACPI: Added _OSI(Module Device)
16:22:26,603 INFO kernel:ACPI: Added _OSI(Processor Device)
16:22:26,603 INFO kernel:ACPI: Added _OSI(3.0 _SCP Extensions)
16:22:26,603 INFO kernel:ACPI: Added _OSI(Processor Aggregator Device)
16:22:26,603 INFO kernel:ACPI: Added _OSI(Linux-Dell-Video)
16:22:26,603 DEBUG kernel:ACPI: EC: Look up EC in DSDT
16:22:26,603 INFO kernel:ACPI: Interpreter enabled
16:22:26,603 INFO kernel:ACPI: (supports S0 S3 S4 S5)
16:22:26,603 INFO kernel:ACPI: Using IOAPIC for interrupt routing
16:22:26,603 INFO kernel:PCI: Using host bridge windows from ACPI; if necessary, use "pci=nocrs" and report a bug
16:22:26,603 WARNING kernel:ACPI: Enabled 2 GPEs in block 00 to 0F
16:22:26,603 INFO kernel:ACPI: PCI Root Bridge [PCI0] (domain 0000 [bus 00-ff])
16:22:26,603 INFO kernel:acpi PNP0A03:00: _OSC: OS supports [ASPM ClockPM Segments MSI]
16:22:26,603 INFO kernel:acpi PNP0A03:00: _OSC failed (AE_NOT_FOUND); disabling ASPM
16:22:26,603 WARNING kernel:acpi PNP0A03:00: fail to add MMCONFIG information, can't access extended PCI configuration space under this bridge.
16:22:26,603 INFO kernel:acpiphp: Slot [3] registered
16:22:26,603 INFO kernel:acpiphp: Slot [4] registered
16:22:26,603 INFO kernel:acpiphp: Slot [5] registered
16:22:26,603 INFO kernel:acpiphp: Slot [6] registered
16:22:26,603 INFO kernel:acpiphp: Slot [7] registered
16:22:26,603 INFO kernel:acpiphp: Slot [8] registered
16:22:26,603 INFO kernel:acpiphp: Slot [9] registered
16:22:26,603 INFO kernel:acpiphp: Slot [10] registered
16:22:26,603 INFO kernel:acpiphp: Slot [11] registered
16:22:26,603 INFO kernel:acpiphp: Slot [12] registered
16:22:26,603 INFO kernel:acpiphp: Slot [13] registered
16:22:26,603 INFO kernel:acpiphp: Slot [14] registered
16:22:26,603 INFO kernel:acpiphp: Slot [15] registered
16:22:26,603 INFO kernel:acpiphp: Slot [16] registered
16:22:26,603 INFO kernel:acpiphp: Slot [17] registered
16:22:26,603 INFO kernel:acpiphp: Slot [18] registered
16:22:26,603 INFO kernel:acpiphp: Slot [19] registered
16:22:26,603 INFO kernel:acpiphp: Slot [20] registered
16:22:26,603 INFO kernel:acpiphp: Slot [21] registered
16:22:26,603 INFO kernel:acpiphp: Slot [22] registered
16:22:26,603 INFO kernel:acpiphp: Slot [23] registered
16:22:26,603 INFO kernel:acpiphp: Slot [24] registered
16:22:26,603 INFO kernel:acpiphp: Slot [25] registered
16:22:26,603 INFO kernel:acpiphp: Slot [26] registered
16:22:26,603 INFO kernel:acpiphp: Slot [27] registered
16:22:26,603 INFO kernel:acpiphp: Slot [28] registered
16:22:26,603 INFO kernel:acpiphp: Slot [29] registered
16:22:26,603 INFO kernel:acpiphp: Slot [30] registered
16:22:26,603 INFO kernel:acpiphp: Slot [31] registered
16:22:26,603 INFO kernel:PCI host bridge to bus 0000:00
16:22:26,603 INFO kernel:pci_bus 0000:00: root bus resource [io  0x0000-0x0cf7 window]
16:22:26,603 INFO kernel:pci_bus 0000:00: root bus resource [io  0x0d00-0xffff window]
16:22:26,604 INFO kernel:pci_bus 0000:00: root bus resource [mem 0x000a0000-0x000bffff window]
16:22:26,604 INFO kernel:pci_bus 0000:00: root bus resource [mem 0xc0000000-0xfebfffff window]
16:22:26,604 INFO kernel:pci_bus 0000:00: root bus resource [mem 0x140000000-0x1bfffffff window]
16:22:26,604 INFO kernel:pci_bus 0000:00: root bus resource [bus 00-ff]
16:22:26,605 DEBUG kernel:pci 0000:00:00.0: [8086:1237] type 00 class 0x060000
16:22:26,605 DEBUG kernel:pci 0000:00:01.0: [8086:7000] type 00 class 0x060100
16:22:26,605 DEBUG kernel:pci 0000:00:01.1: [8086:7010] type 00 class 0x010180
16:22:26,605 DEBUG kernel:pci 0000:00:01.1: reg 0x20: [io  0xc0c0-0xc0cf]
16:22:26,605 INFO kernel:pci 0000:00:01.1: legacy IDE quirk: reg 0x10: [io  0x01f0-0x01f7]
16:22:26,605 INFO kernel:pci 0000:00:01.1: legacy IDE quirk: reg 0x14: [io  0x03f6]
16:22:26,605 INFO kernel:pci 0000:00:01.1: legacy IDE quirk: reg 0x18: [io  0x0170-0x0177]
16:22:26,605 INFO kernel:pci 0000:00:01.1: legacy IDE quirk: reg 0x1c: [io  0x0376]
16:22:26,605 DEBUG kernel:pci 0000:00:01.3: [8086:7113] type 00 class 0x068000
16:22:26,605 INFO kernel:pci 0000:00:01.3: quirk: [io  0x0600-0x063f] claimed by PIIX4 ACPI
16:22:26,605 INFO kernel:pci 0000:00:01.3: quirk: [io  0x0700-0x070f] claimed by PIIX4 SMB
16:22:26,605 DEBUG kernel:pci 0000:00:02.0: [1234:1111] type 00 class 0x030000
16:22:26,605 DEBUG kernel:pci 0000:00:02.0: reg 0x10: [mem 0xfd000000-0xfdffffff pref]
16:22:26,605 DEBUG kernel:pci 0000:00:02.0: reg 0x18: [mem 0xfebf0000-0xfebf0fff]
16:22:26,606 DEBUG kernel:pci 0000:00:02.0: reg 0x30: [mem 0xfebe0000-0xfebeffff pref]
16:22:26,606 DEBUG kernel:pci 0000:00:03.0: [8086:100e] type 00 class 0x020000
16:22:26,606 DEBUG kernel:pci 0000:00:03.0: reg 0x10: [mem 0xfebc0000-0xfebdffff]
16:22:26,606 DEBUG kernel:pci 0000:00:03.0: reg 0x14: [io  0xc080-0xc0bf]
16:22:26,606 DEBUG kernel:pci 0000:00:03.0: reg 0x30: [mem 0xfeb80000-0xfebbffff pref]
16:22:26,606 DEBUG kernel:pci 0000:00:04.0: [1af4:1001] type 00 class 0x010000
16:22:26,607 DEBUG kernel:pci 0000:00:04.0: reg 0x10: [io  0xc000-0xc07f]
16:22:26,607 DEBUG kernel:pci 0000:00:04.0: reg 0x14: [mem 0xfebf1000-0xfebf1fff]
16:22:26,607 DEBUG kernel:pci 0000:00:04.0: reg 0x20: [mem 0xfe000000-0xfe003fff 64bit pref]
16:22:26,607 INFO kernel:ACPI: PCI Interrupt Link [LNKA] (IRQs 5 *10 11)
16:22:26,607 INFO kernel:ACPI: PCI Interrupt Link [LNKB] (IRQs 5 *10 11)
16:22:26,607 INFO kernel:ACPI: PCI Interrupt Link [LNKC] (IRQs 5 10 *11)
16:22:26,607 INFO kernel:ACPI: PCI Interrupt Link [LNKD] (IRQs 5 10 *11)
16:22:26,607 INFO kernel:ACPI: PCI Interrupt Link [LNKS] (IRQs *9)
16:22:26,607 INFO kernel:vgaarb: device added: PCI:0000:00:02.0,decodes=io+mem,owns=io+mem,locks=none
16:22:26,607 INFO kernel:vgaarb: loaded
16:22:26,607 INFO kernel:vgaarb: bridge control possible 0000:00:02.0
16:22:26,607 NOTICE kernel:SCSI subsystem initialized
16:22:26,607 INFO kernel:ACPI: bus type USB registered
16:22:26,607 INFO kernel:usbcore: registered new interface driver usbfs
16:22:26,607 INFO kernel:usbcore: registered new interface driver hub
16:22:26,607 INFO kernel:usbcore: registered new device driver usb
16:22:26,607 INFO kernel:EDAC MC: Ver: 3.0.0
16:22:26,607 INFO kernel:PCI: Using ACPI for IRQ routing
16:22:26,607 DEBUG kernel:PCI: pci_cache_line_size set to 64 bytes
16:22:26,607 DEBUG kernel:e820: reserve RAM buffer [mem 0x0009fc00-0x0009ffff]
16:22:26,607 DEBUG kernel:e820: reserve RAM buffer [mem 0xbffdd000-0xbfffffff]
16:22:26,607 INFO kernel:NetLabel: Initializing
16:22:26,607 INFO kernel:NetLabel:  domain hash size = 128
16:22:26,607 INFO kernel:NetLabel:  protocols = UNLABELED CIPSOv4
16:22:26,607 INFO kernel:NetLabel:  unlabeled traffic allowed by default
16:22:26,607 INFO kernel:HPET: 3 timers in total, 0 timers will be used for per-cpu timer
16:22:26,607 INFO kernel:hpet0: at MMIO 0xfed00000, IRQs 2, 8, 0
16:22:26,607 INFO kernel:hpet0: 3 comparators, 64-bit 100.000000 MHz counter
16:22:26,607 NOTICE kernel:amd_nb: Cannot enumerate AMD northbridges
16:22:26,607 INFO kernel:Switched to clocksource kvm-clock
16:22:26,607 INFO kernel:pnp: PnP ACPI init
16:22:26,607 INFO kernel:ACPI: bus type PNP registered
16:22:26,607 DEBUG kernel:pnp 00:00: Plug and Play ACPI device, IDs PNP0b00 (active)
16:22:26,607 DEBUG kernel:pnp 00:01: Plug and Play ACPI device, IDs PNP0303 (active)
16:22:26,607 DEBUG kernel:pnp 00:02: Plug and Play ACPI device, IDs PNP0f13 (active)
16:22:26,607 DEBUG kernel:pnp 00:03: [dma 2]
16:22:26,607 DEBUG kernel:pnp 00:03: Plug and Play ACPI device, IDs PNP0700 (active)
16:22:26,607 DEBUG kernel:pnp 00:04: Plug and Play ACPI device, IDs PNP0400 (active)
16:22:26,607 DEBUG kernel:pnp 00:05: Plug and Play ACPI device, IDs PNP0501 (active)
16:22:26,607 INFO kernel:pnp: PnP ACPI: found 6 devices
16:22:26,608 INFO kernel:ACPI: bus type PNP unregistered
16:22:26,608 DEBUG kernel:pci_bus 0000:00: resource 4 [io  0x0000-0x0cf7 window]
16:22:26,608 DEBUG kernel:pci_bus 0000:00: resource 5 [io  0x0d00-0xffff window]
16:22:26,608 DEBUG kernel:pci_bus 0000:00: resource 6 [mem 0x000a0000-0x000bffff window]
16:22:26,608 DEBUG kernel:pci_bus 0000:00: resource 7 [mem 0xc0000000-0xfebfffff window]
16:22:26,608 DEBUG kernel:pci_bus 0000:00: resource 8 [mem 0x140000000-0x1bfffffff window]
16:22:26,608 INFO kernel:NET: Registered protocol family 2
16:22:26,608 INFO kernel:TCP established hash table entries: 32768 (order: 6, 262144 bytes)
16:22:26,608 INFO kernel:TCP bind hash table entries: 32768 (order: 7, 524288 bytes)
16:22:26,608 INFO kernel:TCP: Hash tables configured (established 32768 bind 32768)
16:22:26,609 INFO kernel:TCP: reno registered
16:22:26,609 INFO kernel:UDP hash table entries: 2048 (order: 4, 65536 bytes)
16:22:26,609 INFO kernel:UDP-Lite hash table entries: 2048 (order: 4, 65536 bytes)
16:22:26,609 INFO kernel:NET: Registered protocol family 1
16:22:26,609 INFO kernel:pci 0000:00:00.0: Limiting direct PCI/PCI transfers
16:22:26,609 INFO kernel:pci 0000:00:01.0: PIIX3: Enabling Passive Release
16:22:26,609 INFO kernel:pci 0000:00:01.0: Activating ISA DMA hang workarounds
16:22:26,609 DEBUG kernel:pci 0000:00:02.0: Boot video device
16:22:26,609 DEBUG kernel:PCI: CLS 0 bytes, default 64
16:22:26,609 INFO kernel:Unpacking initramfs...
16:22:26,609 INFO kernel:Freeing initrd memory: 53896k freed
16:22:26,609 INFO kernel:PCI-DMA: Using software bounce buffering for IO (SWIOTLB)
16:22:26,609 INFO kernel:software IO TLB [mem 0xbbfdd000-0xbffdd000] (64MB) mapped at [ffff9ed63bfdd000-ffff9ed63ffdcfff]
16:22:26,609 INFO kernel:sha1_ssse3: Neither AVX nor AVX2 nor SSSE3/SHA-NI is available/usable.
16:22:26,609 INFO kernel:sha256_ssse3: Neither AVX nor SSSE3/SHA-NI is available/usable.
16:22:26,609 INFO kernel:futex hash table entries: 256 (order: 2, 16384 bytes)
16:22:26,609 NOTICE kernel:Initialise system trusted keyring
16:22:26,609 INFO kernel:audit: initializing netlink socket (disabled)
16:22:26,609 NOTICE kernel:type=2000 audit(1590250946.476:1): initialized
16:22:26,609 INFO kernel:HugeTLB registered 2 MB page size, pre-allocated 0 pages
16:22:26,609 INFO kernel:zpool: loaded
16:22:26,609 INFO kernel:zbud: loaded
16:22:26,609 NOTICE kernel:VFS: Disk quotas dquot_6.5.2
16:22:26,609 WARNING kernel:Dquot-cache hash table entries: 512 (order 0, 4096 bytes)
16:22:26,609 NOTICE kernel:Key type big_key registered
16:22:26,609 DEBUG kernel:SELinux:  Registering netfilter hooks
16:22:26,609 INFO kernel:NET: Registered protocol family 38
16:22:26,609 NOTICE kernel:Key type asymmetric registered
16:22:26,609 NOTICE kernel:Asymmetric key parser 'x509' registered
16:22:26,609 INFO kernel:Block layer SCSI generic (bsg) driver version 0.4 loaded (major 248)
16:22:26,609 INFO kernel:io scheduler noop registered
16:22:26,609 INFO kernel:io scheduler deadline registered (default)
16:22:26,609 INFO kernel:io scheduler cfq registered
16:22:26,609 INFO kernel:io scheduler mq-deadline registered
16:22:26,609 INFO kernel:io scheduler kyber registered
16:22:26,609 INFO kernel:pci_hotplug: PCI Hot Plug PCI Core version: 0.5
16:22:26,609 INFO kernel:pciehp: PCI Express Hot Plug Controller Driver version: 0.4
16:22:26,609 INFO kernel:shpchp: Standard Hot Plug PCI Controller Driver version: 0.4
16:22:26,609 DEBUG kernel:intel_idle: does not run on family 6 model 6
16:22:26,609 INFO kernel:input: Power Button as /devices/LNXSYSTM:00/LNXPWRBN:00/input/input0
16:22:26,609 INFO kernel:ACPI: Power Button [PWRF]
16:22:26,609 INFO kernel:GHES: HEST is not enabled!
16:22:26,609 INFO kernel:Serial: 8250/16550 driver, 4 ports, IRQ sharing enabled
16:22:26,609 INFO kernel:00:05: ttyS0 at I/O 0x3f8 (irq = 4) is a 16550A
16:22:26,609 INFO kernel:Non-volatile memory driver v1.3
16:22:26,609 INFO kernel:Linux agpgart interface v0.103
16:22:26,609 INFO kernel:crash memory driver: version 1.1
16:22:26,609 INFO kernel:rdac: device handler registered
16:22:26,609 INFO kernel:hp_sw: device handler registered
16:22:26,609 INFO kernel:emc: device handler registered
16:22:26,609 INFO kernel:alua: device handler registered
16:22:26,609 INFO kernel:libphy: Fixed MDIO Bus: probed
16:22:26,609 INFO kernel:ehci_hcd: USB 2.0 'Enhanced' Host Controller (EHCI) Driver
16:22:26,609 INFO kernel:ehci-pci: EHCI PCI platform driver
16:22:26,609 INFO kernel:ohci_hcd: USB 1.1 'Open' Host Controller (OHCI) Driver
16:22:26,609 INFO kernel:ohci-pci: OHCI PCI platform driver
16:22:26,609 INFO kernel:uhci_hcd: USB Universal Host Controller Interface driver
16:22:26,609 INFO kernel:usbcore: registered new interface driver usbserial_generic
16:22:26,609 INFO kernel:usbserial: USB Serial support registered for generic
16:22:26,609 INFO kernel:i8042: PNP: PS/2 Controller [PNP0303:KBD,PNP0f13:MOU] at 0x60,0x64 irq 1,12
16:22:26,609 INFO kernel:serio: i8042 KBD port at 0x60,0x64 irq 1
16:22:26,609 INFO kernel:serio: i8042 AUX port at 0x60,0x64 irq 12
16:22:26,609 INFO kernel:mousedev: PS/2 mouse device common for all mice
16:22:26,609 INFO kernel:input: AT Translated Set 2 keyboard as /devices/platform/i8042/serio0/input/input1
16:22:26,609 INFO kernel:rtc_cmos 00:00: RTC can wake from S4
16:22:26,610 INFO kernel:input: VirtualPS/2 VMware VMMouse as /devices/platform/i8042/serio1/input/input2
16:22:26,610 INFO kernel:rtc_cmos 00:00: rtc core: registered rtc_cmos as rtc0
16:22:26,610 INFO kernel:rtc_cmos 00:00: alarms up to one day, y3k, 114 bytes nvram, hpet irqs
16:22:26,610 INFO kernel:hidraw: raw HID events driver (C) Jiri Kosina
16:22:26,610 INFO kernel:usbcore: registered new interface driver usbhid
16:22:26,611 INFO kernel:usbhid: USB HID core driver
16:22:26,611 INFO kernel:input: VirtualPS/2 VMware VMMouse as /devices/platform/i8042/serio1/input/input3
16:22:26,611 INFO kernel:drop_monitor: Initializing network drop monitor service
16:22:26,611 INFO kernel:TCP: cubic registered
16:22:26,611 INFO kernel:Initializing XFRM netlink socket
16:22:26,611 INFO kernel:NET: Registered protocol family 10
16:22:26,611 INFO kernel:NET: Registered protocol family 17
16:22:26,611 INFO kernel:mpls_gso: MPLS GSO support
16:22:26,611 INFO kernel:mce: Using 10 MCE banks
16:22:26,611 DEBUG kernel:PM: Hibernation image not present or could not be loaded.
16:22:26,611 NOTICE kernel:Loading compiled-in X.509 certificates
16:22:26,611 NOTICE kernel:Loaded X.509 cert 'CentOS Linux kpatch signing key: ea0413152cde1d98ebdca3fe6f0230904c9ef717'
16:22:26,611 NOTICE kernel:Loaded X.509 cert 'CentOS Linux Driver update signing key: 7f421ee0ab69461574bb358861dbe77762a4201b'
16:22:26,611 NOTICE kernel:Loaded X.509 cert 'CentOS Linux kernel signing key: 690e8a482fe76bfbf231d860f0c662d8f1173d57'
16:22:26,611 INFO kernel:registered taskstats version 1
16:22:26,611 NOTICE kernel:Key type trusted registered
16:22:26,611 NOTICE kernel:Key type encrypted registered
16:22:26,611 INFO kernel:IMA: No TPM chip found, activating TPM-bypass! (rc=-19)
16:22:26,611 INFO kernel:  Magic number: 4:243:389
16:22:26,611 INFO kernel:rtc_cmos 00:00: setting system clock to 2020-05-23 16:22:26 UTC (1590250946)
16:22:26,611 INFO kernel:Freeing unused kernel memory: 1980k freed
16:22:26,611 INFO kernel:Write protecting the kernel read-only data: 12288k
16:22:26,611 INFO kernel:Freeing unused kernel memory: 396k freed
16:22:26,611 INFO kernel:Freeing unused kernel memory: 540k freed
16:22:26,611 NOTICE kernel:random: systemd: uninitialized urandom read (16 bytes read)
16:22:26,611 NOTICE kernel:random: systemd: uninitialized urandom read (16 bytes read)
16:22:26,611 NOTICE kernel:random: systemd: uninitialized urandom read (16 bytes read)
16:22:26,611 INFO systemd:systemd 219 running in system mode. (+PAM +AUDIT +SELINUX +IMA -APPARMOR +SMACK +SYSVINIT +UTMP +LIBCRYPTSETUP +GCRYPT +GNUTLS +ACL +XZ +LZ4 -SECCOMP +BLKID +ELFUTILS +KMOD +IDN)
16:22:26,611 INFO systemd:Detected virtualization kvm.
16:22:26,611 INFO systemd:Detected architecture x86-64.
16:22:26,611 INFO systemd:Running in initial RAM disk.
16:22:26,611 INFO systemd:No hostname configured.
16:22:26,611 INFO systemd:Set hostname to <localhost>.
16:22:26,611 NOTICE kernel:random: systemd: uninitialized urandom read (16 bytes read)
16:22:26,611 INFO systemd:Initializing machine ID from random generator.
16:22:26,611 NOTICE kernel:random: systemd-cryptse: uninitialized urandom read (16 bytes read)
16:22:26,611 NOTICE kernel:random: systemd: uninitialized urandom read (16 bytes read)
16:22:26,611 NOTICE kernel:random: systemd: uninitialized urandom read (16 bytes read)
16:22:26,611 NOTICE kernel:random: systemd: uninitialized urandom read (16 bytes read)
16:22:26,611 NOTICE kernel:random: systemd: uninitialized urandom read (16 bytes read)
16:22:26,611 NOTICE kernel:random: systemd: uninitialized urandom read (16 bytes read)
16:22:26,611 WARNING systemd:Cannot add dependency job for unit blk-availability.service, ignoring: Unit not found.
16:22:26,611 INFO systemd:Reached target Swap.
16:22:26,611 INFO systemd:Reached target Local Encrypted Volumes.
16:22:26,611 INFO systemd:Reached target Timers.
16:22:26,611 INFO systemd:Created slice Root Slice.
16:22:26,611 INFO systemd:Listening on Journal Socket.
16:22:26,611 INFO systemd:Listening on udev Kernel Socket.
16:22:26,611 INFO systemd:Created slice System Slice.
16:22:26,611 INFO systemd:Starting Setup Virtual Console...
16:22:26,611 INFO systemd:Starting Apply Kernel Variables...
16:22:26,611 INFO systemd:Starting dracut cmdline hook...
16:22:26,611 INFO systemd:Starting Journal Service...
16:22:26,611 INFO systemd:Reached target Local File Systems.
16:22:26,611 INFO systemd:Starting Create list of required static device nodes for the current kernel...
16:22:26,611 INFO systemd:Listening on udev Control Socket.
16:22:26,611 INFO systemd:Reached target Slices.
16:22:26,611 INFO systemd:Started Apply Kernel Variables.
16:22:26,611 INFO systemd:Started Setup Virtual Console.
16:22:26,611 INFO systemd:Started Create list of required static device nodes for the current kernel.
16:22:26,611 INFO systemd:Starting Create Static Device Nodes in /dev...
16:22:26,611 INFO systemd:Started Create Static Device Nodes in /dev.
16:22:26,611 INFO journal:Journal started
16:22:26,613 INFO systemd:Started Journal Service.
16:22:26,663 INFO kernel:BIOS EDD facility v0.16 2004-Jun-25, 1 devices found
16:22:26,685 INFO dracut-cmdline:Loading CentOS 7 x86_64 installer...
16:22:26,878 INFO systemd:Started dracut cmdline hook.
16:22:26,878 INFO systemd:Starting dracut pre-udev hook...
16:22:26,910 INFO kernel:squashfs: version 4.0 (2009/01/31) Phillip Lougher
16:22:26,924 INFO kernel:Loading iSCSI transport class v2.0-870.
16:22:26,931 NOTICE kernel:iscsi: registered transport (tcp)
16:22:26,945 INFO kernel:Floppy drive(s): fd0 is 2.88M AMI BIOS
16:22:26,956 INFO kernel:FDC 0 is a S82078B
16:22:26,974 INFO kernel:No iBFT detected.
16:22:27,004 INFO kernel:async_tx: api initialized (async)
16:22:27,025 INFO kernel:xor: measuring software checksum speed
16:22:27,025 INFO kernel:   prefetch64-sse: 16096.000 MB/sec
16:22:27,025 INFO kernel:   generic_sse: 15000.000 MB/sec
16:22:27,025 INFO kernel:xor: using function: prefetch64-sse (16096.000 MB/sec)
16:22:27,092 WARNING kernel:raid6: sse2x1   gen() 10386 MB/s
16:22:27,092 WARNING kernel:raid6: sse2x2   gen() 12933 MB/s
16:22:27,092 WARNING kernel:raid6: sse2x4   gen() 14820 MB/s
16:22:27,092 WARNING kernel:raid6: using algorithm sse2x4 gen() (14820 MB/s)
16:22:27,092 WARNING kernel:raid6: using intx1 recovery algorithm
16:22:27,160 INFO kernel:device-mapper: uevent: version 1.0.3
16:22:27,160 INFO kernel:device-mapper: ioctl: 4.37.1-ioctl (2018-04-03) initialised: dm-devel@redhat.com
16:22:27,215 INFO kernel:device-mapper: multipath round-robin: version 1.2.0 loaded
16:22:27,302 INFO kernel:RPC: Registered named UNIX socket transport module.
16:22:27,302 INFO kernel:RPC: Registered udp transport module.
16:22:27,302 INFO kernel:RPC: Registered tcp transport module.
16:22:27,302 INFO kernel:RPC: Registered tcp NFSv4.1 backchannel transport module.
16:22:27,358 NOTICE rpc.statd:Version 1.3.0 starting
16:22:27,362 NOTICE rpc.statd:Initializing NSM state
16:22:27,363 WARNING rpc.statd:Running as root.  chown /var/lib/nfs/statd to choose different user
16:22:27,403 INFO systemd:Started dracut pre-udev hook.
16:22:27,403 INFO systemd:Starting udev Kernel Device Manager...
16:22:27,406 INFO systemd-udevd:starting version 219
16:22:27,410 INFO systemd:Started udev Kernel Device Manager.
16:22:27,410 INFO systemd:Starting dracut pre-trigger hook...
16:22:27,433 INFO lldpad:config file failed to load,
16:22:27,434 INFO lldpad:create a new file.
16:22:27,434 INFO lldpad:bound ctrl iface to /com/intel/lldpad
16:22:27,436 INFO dracut-pre-trigger:567
16:22:27,441 INFO kernel:tsc: Refined TSC clocksource calibration: 2903.994 MHz
16:22:27,532 INFO systemd:Started dracut pre-trigger hook.
16:22:27,532 INFO systemd:Starting udev Coldplug all Devices...
16:22:27,565 INFO systemd:Mounting Configuration File System...
16:22:27,578 INFO systemd:Mounted Configuration File System.
16:22:27,619 INFO systemd:Started udev Coldplug all Devices.
16:22:27,619 INFO systemd:Reached target System Initialization.
16:22:27,619 INFO systemd:Listening on Open-iSCSI iscsiuio Socket.
16:22:27,619 INFO systemd:Reached target Sockets.
16:22:27,620 INFO systemd:Starting Show Plymouth Boot Screen...
16:22:27,621 INFO systemd:Starting Device-Mapper Multipath Device Controller...
16:22:27,686 INFO systemd:Received SIGRTMIN+20 from PID 658 (plymouthd).
16:22:27,689 INFO systemd:Started Show Plymouth Boot Screen.
16:22:27,689 INFO systemd:Started Forward Password Requests to Plymouth Directory Watch.
16:22:27,689 INFO systemd:Reached target Paths.
16:22:27,689 INFO systemd:Reached target Basic System.
16:22:27,696 INFO kernel:e1000: Intel(R) PRO/1000 Network Driver - version 7.3.21-k8-NAPI
16:22:27,696 INFO kernel:e1000: Copyright (c) 1999-2006 Intel Corporation.
16:22:27,749 INFO systemd:Started Device-Mapper Multipath Device Controller.
16:22:27,749 INFO systemd:Starting Open-iSCSI...
16:22:27,754 DEBUG kernel:libata version 3.00 loaded.
16:22:27,790 WARNING kernel:ACPI: PCI Interrupt Link [LNKD] enabled at IRQ 11
16:22:27,802 DEBUG kernel:virtio-pci 0000:00:04.0: irq 24 for MSI/MSI-X
16:22:27,802 DEBUG kernel:virtio-pci 0000:00:04.0: irq 25 for MSI/MSI-X
16:22:27,805 NOTICE kernel:virtio_blk virtio0: [vda] 6291456 512-byte logical blocks (3.22 GB/3.00 GiB)
16:22:27,857 INFO iscsid:iscsid: can't open InitiatorName configuration file /etc/iscsi/initiatorname.iscsi
16:22:27,857 INFO iscsid:iscsid: Warning: InitiatorName file /etc/iscsi/initiatorname.iscsi does not exist or does not contain a properly formatted InitiatorName. If using software iscsi (iscsi_tcp or ib_iser) or partial offload (bnx2i or cxgbi iscsi), you may not be able to log into or discover targets. Please create a file /etc/iscsi/initiatorname.iscsi that contains a sting with the format: InitiatorName=iqn.yyyy-mm.<reversed domain name>[:identifier].
16:22:27,857 INFO iscsid:Example: InitiatorName=iqn.2001-04.com.redhat:fc6.
16:22:27,857 INFO iscsid:If using hardware iscsi like qla4xxx this message can be ignored.
16:22:27,858 INFO iscsid:iscsid: can't open InitiatorAlias configuration file /etc/iscsi/initiatorname.iscsi
16:22:27,858 INFO iscsid:iscsid: can't open iscsid.safe_logout configuration file /etc/iscsi/iscsid.conf
16:22:27,862 INFO systemd:Started Open-iSCSI.
16:22:27,862 INFO systemd:Starting dracut initqueue hook...
16:22:27,865 WARNING kernel:ACPI: PCI Interrupt Link [LNKC] enabled at IRQ 10
16:22:27,999 INFO systemd:Reloading.
16:22:28,266 INFO kernel:e1000 0000:00:03.0 eth0: (PCI:33MHz:32-bit) 52:54:00:12:34:56
16:22:28,266 INFO kernel:e1000 0000:00:03.0 eth0: Intel(R) PRO/1000 Network Connection
16:22:28,267 DEBUG kernel:ata_piix 0000:00:01.1: version 2.13
16:22:28,270 INFO kernel:scsi host0: ata_piix
16:22:28,275 INFO kernel:scsi host1: ata_piix
16:22:28,275 INFO kernel:ata1: PATA max MWDMA2 cmd 0x1f0 ctl 0x3f6 bmdma 0xc0c0 irq 14
16:22:28,275 INFO kernel:ata2: PATA max MWDMA2 cmd 0x170 ctl 0x376 bmdma 0xc0c8 irq 15
16:22:28,275 INFO kernel:[drm] Found bochs VGA, ID 0xb0c0.
16:22:28,275 INFO kernel:[drm] Framebuffer size 16384 kB @ 0xfd000000, mmio @ 0xfebf0000.
16:22:28,281 INFO kernel:[TTM] Zone  kernel: Available graphics memory: 2022602 kiB
16:22:28,281 INFO kernel:[TTM] Initializing pool allocator
16:22:28,281 INFO kernel:[TTM] Initializing DMA pool allocator
16:22:28,281 INFO kernel:[drm] Found EDID data blob.
16:22:28,305 INFO kernel:fbcon: bochsdrmfb (fb0) is primary device
16:22:28,305 INFO kernel:Console: switching to colour frame buffer device 128x48
16:22:28,305 INFO kernel:bochs-drm 0000:00:02.0: fb0: bochsdrmfb frame buffer device
16:22:28,305 INFO kernel:[drm] Initialized bochs-drm 1.0.0 20130925 for 0000:00:02.0 on minor 0
16:22:28,308 INFO kernel:8021q: 802.1Q VLAN Support v1.8
16:22:28,428 DEBUG kernel:ata2.01: NODEV after polling detection
16:22:28,428 INFO kernel:ata2.00: ATAPI: QEMU DVD-ROM, 2.5+, max UDMA/100
16:22:28,429 INFO kernel:ata2.00: configured for MWDMA2
16:22:28,432 NOTICE kernel:scsi 1:0:0:0: CD-ROM            QEMU     QEMU DVD-ROM     2.5+ PQ: 0 ANSI: 5
16:22:28,444 INFO kernel:sr 1:0:0:0: [sr0] scsi3-mmc drive: 4x/4x cd/rw xa/form2 tray
16:22:28,444 INFO kernel:cdrom: Uniform CD-ROM driver Revision: 3.20
16:22:28,445 DEBUG kernel:sr 1:0:0:0: Attached scsi CD-ROM sr0
16:22:28,573 NOTICE kernel:random: fast init done
16:22:28,584 INFO dracut-initqueue:mount: /dev/sr0 is write-protected, mounting read-only
16:22:28,588 DEBUG kernel:ISO 9660 Extensions: Microsoft Joliet Level 3
16:22:28,591 DEBUG kernel:ISO 9660 Extensions: RRIP_1991A
16:22:28,672 INFO kernel:loop: module loaded
16:22:28,775 INFO systemd:Received SIGRTMIN+20 from PID 658 (plymouthd).
16:22:28,803 INFO systemd:Created slice system-checkisomd5.slice.
16:22:28,804 INFO systemd:Starting Media check on /dev/sr0...
16:22:31,541 NOTICE kernel:random: crng init done
16:22:35,973 INFO systemd:Started Media check on /dev/sr0.
16:22:36,007 INFO systemd:Received SIGRTMIN+20 from PID 658 (plymouthd).
16:22:36,025 INFO systemd:Started dracut initqueue hook.
16:22:36,026 INFO systemd:Starting dracut pre-mount hook...
16:22:36,026 INFO systemd:Reached target Remote File Systems (Pre).
16:22:36,026 INFO systemd:Reached target Remote File Systems.
16:22:36,043 INFO systemd:Started dracut pre-mount hook.
16:22:36,043 INFO systemd:Reached target Initrd Root File System.
16:22:36,043 INFO systemd:Starting Reload Configuration from the Real Root...
16:22:36,071 INFO systemd:Reloading.
16:22:36,164 INFO systemd:Started Reload Configuration from the Real Root.
16:22:36,165 INFO systemd:Reached target Initrd File Systems.
16:22:36,167 INFO systemd:Starting dracut mount hook...
16:22:36,236 INFO kernel:EXT4-fs (dm-0): mounted filesystem with ordered data mode. Opts: (null)
16:22:36,264 INFO systemd:Started dracut mount hook.
16:22:36,264 INFO systemd:Reached target Initrd Default Target.
16:22:36,264 INFO systemd:Starting dracut pre-pivot and cleanup hook...
16:22:36,447 ERR rpcbind:cannot open file = /run/rpcbind/rpcbind.xdr for writing
16:22:36,447 ERR rpcbind:cannot save any registration
16:22:36,447 ERR rpcbind:cannot open file = /run/rpcbind/portmap.xdr for writing
16:22:36,448 ERR rpcbind:cannot save any registration
16:22:36,470 INFO systemd:Started dracut pre-pivot and cleanup hook.
16:22:36,470 INFO systemd:Starting Cleaning Up and Shutting Down Daemons...
16:22:36,500 INFO systemd:Stopped dracut pre-pivot and cleanup hook.
16:22:36,501 INFO systemd:Stopped target Remote File Systems.
16:22:36,503 INFO systemd:Starting Plymouth switch root service...
16:22:36,504 INFO systemd:Stopped target Timers.
16:22:36,505 INFO systemd:Stopped target Initrd Default Target.
16:22:36,505 INFO systemd:Stopped dracut mount hook.
16:22:36,506 INFO systemd:Stopped target Basic System.
16:22:36,507 INFO systemd:Stopped target Slices.
16:22:36,507 INFO systemd:Stopped target Sockets.
16:22:36,507 INFO systemd:Closed Open-iSCSI iscsiuio Socket.
16:22:36,508 INFO systemd:Stopped target System Initialization.
16:22:36,509 INFO systemd:Stopped target Local File Systems.
16:22:36,509 INFO systemd:Stopped target Swap.
16:22:36,509 INFO systemd:Stopped dracut pre-mount hook.
16:22:36,510 INFO systemd:Stopped target Local Encrypted Volumes.
16:22:36,511 INFO systemd:Stopped target Remote File Systems (Pre).
16:22:36,511 INFO systemd:Stopped dracut initqueue hook.
16:22:36,515 INFO iscsid:iscsid: iscsid shutting down.
16:22:36,515 INFO systemd:Stopping Open-iSCSI...
16:22:36,515 INFO systemd:Stopped target Paths.
16:22:36,518 INFO systemd:Stopped Apply Kernel Variables.
16:22:36,521 INFO systemd:Stopped Open-iSCSI.
16:22:36,524 INFO systemd:Started Cleaning Up and Shutting Down Daemons.
16:22:36,528 NOTICE multipathd:path checkers start up
16:22:36,528 NOTICE multipathd:--------shut down-------
16:22:36,529 INFO systemd:Stopping Device-Mapper Multipath Device Controller...
16:22:36,530 INFO systemd:Stopped Device-Mapper Multipath Device Controller.
16:22:36,533 INFO systemd:Stopped udev Coldplug all Devices.
16:22:36,535 INFO systemd:Stopped dracut pre-trigger hook.
16:22:36,539 INFO systemd:Stopping udev Kernel Device Manager...
16:22:36,540 INFO systemd:Stopped udev Kernel Device Manager.
16:22:36,541 INFO systemd:Stopped Create Static Device Nodes in /dev.
16:22:36,545 INFO systemd:Stopped Create list of required static device nodes for the current kernel.
16:22:36,546 INFO systemd:Stopped dracut pre-udev hook.
16:22:36,547 INFO systemd:Stopped dracut cmdline hook.
16:22:36,547 INFO systemd:Closed udev Kernel Socket.
16:22:36,547 INFO systemd:Closed udev Control Socket.
16:22:36,548 INFO systemd:Starting Cleanup udevd DB...
16:22:36,561 INFO systemd:Started Cleanup udevd DB.
16:22:36,561 INFO systemd:Reached target Switch Root.
16:22:36,576 INFO systemd:Started Plymouth switch root service.
16:22:36,576 INFO systemd:Starting Switch Root...
16:22:36,605 NOTICE systemd:Switching root.
16:22:36,611 INFO journal:Journal stopped
16:22:37,999 INFO journal:Runtime journal is using 8.0M (max allowed 197.5M, trying to leave 296.2M free of 1.9G available → current limit 197.5M).
16:22:38,000 INFO systemd-journald:Received SIGTERM from PID 1 (systemd).
16:22:38,000 DEBUG kernel:SELinux: 2048 avtab hash slots, 112811 rules.
16:22:38,000 DEBUG kernel:SELinux: 2048 avtab hash slots, 112811 rules.
16:22:38,000 DEBUG kernel:SELinux:  8 users, 14 roles, 5052 types, 316 bools, 1 sens, 1024 cats
16:22:38,000 DEBUG kernel:SELinux:  130 classes, 112811 rules
16:22:38,000 DEBUG kernel:SELinux:  Completing initialization.
16:22:38,000 DEBUG kernel:SELinux:  Setting up existing superblocks.
16:22:38,000 NOTICE kernel:type=1403 audit(1590250957.184:2): policy loaded auid=4294967295 ses=4294967295
16:22:38,000 INFO systemd:Successfully loaded SELinux policy in 237.079ms.
16:22:38,000 INFO systemd:Relabelled /dev, /run and /sys/fs/cgroup in 23.378ms.
16:22:38,001 INFO journal:Journal started
16:22:38,050 INFO systemd:systemd 219 running in system mode. (+PAM +AUDIT +SELINUX +IMA -APPARMOR +SMACK +SYSVINIT +UTMP +LIBCRYPTSETUP +GCRYPT +GNUTLS +ACL +XZ +LZ4 -SECCOMP +BLKID +ELFUTILS +KMOD +IDN)
16:22:38,051 INFO systemd:Detected virtualization kvm.
16:22:38,052 INFO systemd:Detected architecture x86-64.
16:22:38,056 WARNING systemd:Cannot add dependency job for unit rhel-autorelabel-mark.service, ignoring: Unit is masked.
16:22:38,056 WARNING systemd:Cannot add dependency job for unit rhel-autorelabel.service, ignoring: Unit is masked.
16:22:38,073 WARNING systemd:Cannot add dependency job for unit rhel-loadmodules.service, ignoring: Unit is masked.
16:22:38,075 WARNING systemd:Cannot add dependency job for unit systemd-tmpfiles-clean.timer, ignoring: Unit is masked.
16:22:38,085 INFO systemd:Starting Flush Journal to Persistent Storage...
16:22:38,085 INFO rhel-domainname:/usr/lib/systemd/rhel-domainname: line 2: /etc/sysconfig/network: No such file or directory
16:22:38,218 INFO systemd:Started Create Static Device Nodes in /dev.
16:22:38,220 INFO systemd:Reached target Local File Systems (Pre).
16:22:38,222 INFO systemd:Starting udev Kernel Device Manager...
16:22:38,232 INFO systemd:Started Configure read-only root support.
16:22:38,248 INFO systemd:Starting Load/Save Random Seed...
16:22:38,289 INFO systemd:Started Load/Save Random Seed.
16:22:38,326 INFO systemd:Started Flush Journal to Persistent Storage.
16:22:38,347 INFO systemd-udevd:starting version 219
16:22:38,379 INFO systemd:Started udev Kernel Device Manager.
16:22:38,974 INFO systemd:Started Rebuild Hardware Database.
16:22:38,976 INFO systemd:Starting udev Coldplug all Devices...
16:22:39,177 INFO kernel:piix4_smbus 0000:00:01.3: SMBus Host Controller at 0x700, revision 0
16:22:39,236 INFO systemd:Started udev Coldplug all Devices.
16:22:39,236 INFO systemd:Starting Device-Mapper Multipath Device Controller...
16:22:39,238 INFO systemd:Starting udev Wait for Complete Device Initialization...
16:22:39,241 INFO kernel:input: PC Speaker as /devices/platform/pcspkr/input/input4
16:22:39,389 INFO kernel:parport_pc 00:04: reported by Plug and Play ACPI
16:22:39,389 INFO kernel:parport0: PC-style at 0x378, irq 7 [PCSPP,TRISTATE]
16:22:39,526 NOTICE kernel:sr 1:0:0:0: Attached scsi generic sg0 type 5
16:22:39,751 INFO systemd:Started Device-Mapper Multipath Device Controller.
16:22:39,776 NOTICE multipathd:path checkers start up
16:22:39,895 INFO systemd:Started udev Wait for Complete Device Initialization.
16:22:39,897 INFO systemd:Starting Activation of DM RAID sets...
16:22:39,953 INFO systemd:Started Activation of DM RAID sets.
16:22:39,954 INFO systemd:Reached target Local Encrypted Volumes.
16:22:39,954 INFO systemd:Reached target Local File Systems.
16:22:39,955 INFO systemd:Starting Tell Plymouth To Write Out Runtime Data...
16:22:39,957 INFO systemd:Starting Migrate local SELinux policy changes from the old store structure to the new structure...
16:22:39,959 INFO systemd:Starting Import network configuration from initramfs...
16:22:39,962 INFO systemd:Starting Rebuild Journal Catalog...
16:22:40,014 INFO systemd:Started Tell Plymouth To Write Out Runtime Data.
16:22:40,069 INFO systemd:Started Migrate local SELinux policy changes from the old store structure to the new structure.
16:22:40,094 INFO systemd:Started Rebuild Journal Catalog.
16:22:40,094 INFO systemd:Starting Update is Completed...
16:22:40,112 INFO systemd:Started Update is Completed.
16:22:40,141 INFO systemd:Started Import network configuration from initramfs.
16:22:40,144 INFO systemd:Starting Create Volatile Files and Directories...
16:22:40,192 INFO systemd:Started Create Volatile Files and Directories.
16:22:40,192 INFO systemd:Starting Update UTMP about System Boot/Shutdown...
16:22:40,212 INFO systemd:Started Update UTMP about System Boot/Shutdown.
16:22:40,214 INFO systemd:Reached target System Initialization.
16:22:40,218 INFO systemd:Listening on D-Bus System Message Bus Socket.
16:22:40,221 INFO systemd:Listening on Open-iSCSI iscsiuio Socket.
16:22:40,223 INFO systemd:Listening on Open-iSCSI iscsid Socket.
16:22:40,224 INFO systemd:Reached target Sockets.
16:22:40,225 INFO systemd:Reached target Basic System.
16:22:40,227 INFO systemd:Started Anaconda NetworkManager configuration.
16:22:40,229 INFO systemd:Started Hardware RNG Entropy Gatherer Daemon.
16:22:40,231 INFO systemd:Starting Network Manager...
16:22:40,233 INFO systemd:Starting Dump dmesg to /var/log/dmesg...
16:22:40,238 INFO systemd:Starting Wait for Plymouth Boot Screen to Quit...
16:22:40,257 INFO systemd:Starting Login Service...
16:22:40,285 INFO systemd:Starting pre-anaconda logging service...
16:22:40,293 INFO systemd:Starting Service enabling compressing RAM with zRam...
16:22:40,315 INFO systemd:Starting Terminate Plymouth Boot Screen...
16:22:40,355 INFO zramswapon:+ MAX_RAM_ON=2097152
16:22:40,367 INFO zramswapon:++ grep -E --only-matching '[[:digit:]]+'
16:22:40,369 INFO zramswapon:++ grep MemTotal /proc/meminfo
16:22:40,420 INFO systemd:Received SIGRTMIN+21 from PID 658 (plymouthd).
16:22:40,570 INFO zramswapon:+ mem_total_kb=4045204
16:22:40,571 INFO zramswapon:+ mem_total=4142288896
16:22:40,571 INFO zramswapon:+ grep -E 'inst\.zram=(on|1)' /proc/cmdline
16:22:40,583 INFO systemd:Started Terminate Plymouth Boot Screen.
16:22:40,620 INFO zramswapon:+ force=1
16:22:40,620 INFO zramswapon:+ '[' '(' 4045204 -gt 2097152 ')' -a '(' 1 '!=' 0 ')' ']'
16:22:40,620 INFO zramswapon:+ exit 0
16:22:40,658 INFO systemd:Started Dump dmesg to /var/log/dmesg.
16:22:40,737 INFO systemd:Started Wait for Plymouth Boot Screen to Quit.
16:22:40,738 INFO systemd:Started pre-anaconda logging service.
16:22:40,744 INFO systemd:Started Service enabling compressing RAM with zRam.
16:22:40,791 WARNING systemd:Cannot add dependency job for unit rhel-autorelabel-mark.service, ignoring: Unit is masked.
16:22:40,791 WARNING systemd:Cannot add dependency job for unit rhel-autorelabel.service, ignoring: Unit is masked.
16:22:40,791 WARNING systemd:Cannot add dependency job for unit rhel-loadmodules.service, ignoring: Unit is masked.
16:22:40,792 WARNING systemd:Cannot add dependency job for unit systemd-tmpfiles-clean.timer, ignoring: Unit is masked.
16:22:40,793 INFO systemd:Started D-Bus System Message Bus.
16:22:41,058 INFO systemd:Started Login Service.
16:22:41,072 INFO systemd-logind:New seat seat0.
16:22:41,072 INFO systemd-logind:Watching system buttons on /dev/input/event0 (Power Button)
16:22:41,090 INFO rngd:Initalizing available sources
16:22:41,092 INFO rngd:Failed to init entropy source 0: Hardware RNG Device
16:22:41,092 INFO rngd:Failed to init entropy source 2: Intel RDRAND Instruction RNG
16:22:41,405 INFO NetworkManager:<info>  [1590250961.4031] NetworkManager (version 1.18.4-3.el7) is starting... (for the first time)
16:22:41,405 INFO NetworkManager:<info>  [1590250961.4053] Read config: /etc/NetworkManager/NetworkManager.conf (lib: 10-slaves-order.conf) (etc: 80-anaconda-no-ibft.conf, 90-anaconda-no-auto-default.conf, 91-anaconda-autoconnect-slaves.conf, 92-anaconda-loglevel-debug.conf)
16:22:41,405 DEBUG NetworkManager:<debug> [1590250961.4055] CONFIG: config-data[0x55acf3ef9840]: 3 groups
16:22:41,406 DEBUG NetworkManager:<debug> [1590250961.4058] CONFIG:
16:22:41,406 DEBUG NetworkManager:<debug> [1590250961.4060] CONFIG: [main]
16:22:41,406 DEBUG NetworkManager:<debug> [1590250961.4060] CONFIG:   slaves-order=index
16:22:41,406 DEBUG NetworkManager:<debug> [1590250961.4061] CONFIG:   plugins=ifcfg-rh,ibft,no-ibft
16:22:41,407 DEBUG NetworkManager:<debug> [1590250961.4061] CONFIG:   no-auto-default=*
16:22:41,407 DEBUG NetworkManager:<debug> [1590250961.4061] CONFIG:
16:22:41,407 DEBUG NetworkManager:<debug> [1590250961.4061] CONFIG: [logging]
16:22:41,407 DEBUG NetworkManager:<debug> [1590250961.4061] CONFIG:   level=DEBUG
16:22:41,407 DEBUG NetworkManager:<debug> [1590250961.4061] CONFIG:
16:22:41,414 DEBUG NetworkManager:<debug> [1590250961.4061] CONFIG: [connection]
16:22:41,414 DEBUG NetworkManager:<debug> [1590250961.4061] CONFIG:   connection.autoconnect-slaves=1
16:22:41,414 DEBUG NetworkManager:<debug> [1590250961.4061] config: state: missing state file "/var/lib/NetworkManager/NetworkManager.state": No such file or directory
16:22:41,415 DEBUG NetworkManager:<debug> [1590250961.4061] WEXT support is disabled
16:22:41,415 DEBUG NetworkManager:<debug> [1590250961.4129] netns[0x55acf3f01ce0]: new netns (net:7, mnt:8)
16:22:41,415 DEBUG NetworkManager:<debug> [1590250961.4139] platform-linux: create (ignore netns, initial netns, use udev)
16:22:41,417 DEBUG NetworkManager:<debug> [1590250961.4164] platform-linux: could not enable extended acks on netlink socket
16:22:41,417 DEBUG NetworkManager:<debug> [1590250961.4164] platform-linux: Netlink socket for events established: port=1174, fd=11
16:22:41,417 DEBUG NetworkManager:<debug> [1590250961.4164] platform-linux: populate platform cache
16:22:41,419 DEBUG NetworkManager:<debug> [1590250961.4165] monotonic timestamp started counting 1.900531456 seconds ago with an offset of 17.0 seconds to CLOCK_BOOTTIME (local time is 2020-05-23 16:22:41)
16:22:41,419 DEBUG NetworkManager:<debug> [1590250961.4166] platform: kernel-support for USER_IPV6LL (IFLA_INET6_ADDR_GEN_MODE support) detected: supported
16:22:41,419 DEBUG NetworkManager:<debug> [1590250961.4170] platform: (lo) signal: link   added: 1: lo <UP,LOWER_UP;loopback,up,running,lowerup> mtu 65536 arp 772 loopback? not-init addrgenmode eui64 addr 00:00:00:00:00:00 driver unknown rx:6,416 tx:6,416
16:22:41,423 DEBUG NetworkManager:<debug> [1590250961.4212] platform: (ens3) signal: link   added: 2: ens3 <DOWN;broadcast,multicast> mtu 1500 arp 1 ethernet? not-init addrgenmode eui64 addr 52:54:00:12:34:56 driver e1000 rx:0,0 tx:0,0
16:22:41,423 DEBUG NetworkManager:<debug> [1590250961.4213] platform: kernel-support for EXTENDED_IFA_FLAGS (IPv6 temporary addresses support) detected: supported
16:22:41,423 DEBUG NetworkManager:<debug> [1590250961.4213] platform: (lo) signal: address 4   added: 127.0.0.1/8 lft forever pref forever lifetime 1-0[4294967295,4294967295] dev 1 flags permanent src kernel
16:22:41,424 DEBUG NetworkManager:<debug> [1590250961.4213] platform: (lo) signal: address 6   added: ::1/128 lft forever pref forever lifetime 1-0[4294967295,4294967295] dev 1 flags permanent src kernel
16:22:41,424 DEBUG NetworkManager:<debug> [1590250961.4214] platform: kernel-support for FRA_PROTOCOL (FRA_PROTOCOL attribute for policy routing rules) detected: not supported
16:22:41,424 DEBUG NetworkManager:<debug> [1590250961.4214] platform: kernel-support for FRA_UID_RANGE (FRA_UID_RANGE attribute for policy routing rules) not detected: assume not supported
16:22:41,424 DEBUG NetworkManager:<debug> [1590250961.4214] platform: kernel-support for FRA_L3MDEV (FRA_L3MDEV attribute for policy routing rules) not detected: assume not supported
16:22:41,425 DEBUG NetworkManager:<debug> [1590250961.4214] platform: kernel-support for FRA_IP_PROTO (FRA_IP_PROTO, FRA_SPORT_RANGE, FRA_DPORT_RANGE attributes for policy routing rules) not detected: assume not supported
16:22:41,426 DEBUG NetworkManager:<debug> [1590250961.4214] platform: signal: rt-rule   added: [4] 0: from all lookup 255
16:22:41,426 DEBUG NetworkManager:<debug> [1590250961.4214] platform: signal: rt-rule   added: [4] 32766: from all lookup 254
16:22:41,426 DEBUG NetworkManager:<debug> [1590250961.4214] platform: signal: rt-rule   added: [4] 32767: from all lookup 253
16:22:41,430 DEBUG NetworkManager:<debug> [1590250961.4215] platform: signal: rt-rule   added: [6] 0: from all lookup 255
16:22:41,430 DEBUG NetworkManager:<debug> [1590250961.4215] platform: signal: rt-rule   added: [6] 32766: from all lookup 254
16:22:41,430 DEBUG NetworkManager:<debug> [1590250961.4215] platform: (lo) signal: qdisc   added: noqueue dev 1 family 0 handle 0 parent ffffffff info 2
16:22:41,430 DEBUG NetworkManager:<debug> [1590250961.4250] platform: (ens3) signal: link changed: 2: ens3 <DOWN;broadcast,multicast> mtu 1500 arp 1 ethernet? init addrgenmode eui64 addr 52:54:00:12:34:56 driver e1000 rx:0,0 tx:0,0
16:22:41,430 DEBUG NetworkManager:<debug> [1590250961.4252] platform: (lo) signal: link changed: 1: lo <UP,LOWER_UP;loopback,up,running,lowerup> mtu 65536 arp 772 loopback? init addrgenmode eui64 addr 00:00:00:00:00:00 driver unknown rx:6,416 tx:6,416
16:22:41,432 DEBUG NetworkManager:<debug> [1590250961.4252] setup NMPlatform singleton (0x55acf3f040f0, NMLinuxPlatform)
16:22:41,432 DEBUG NetworkManager:<debug> [1590250961.4253] rules-manager: routing-rule: track [c8ac887452e0b79b,0] "[4] 0: from all lookup 255 protocol 2")
16:22:41,434 DEBUG NetworkManager:<debug> [1590250961.4253] rules-manager: routing-rule: track [c8ac887452e0b79b,0] "[4] 32766: from all lookup 254 protocol 2")
16:22:41,434 DEBUG NetworkManager:<debug> [1590250961.4253] rules-manager: routing-rule: track [c8ac887452e0b79b,0] "[4] 32767: from all lookup 253 protocol 2")
16:22:41,434 DEBUG NetworkManager:<debug> [1590250961.4253] rules-manager: routing-rule: track [c8ac887452e0b79b,0] "[6] 0: from all lookup 255 protocol 2")
16:22:41,434 DEBUG NetworkManager:<debug> [1590250961.4253] rules-manager: routing-rule: track [c8ac887452e0b79b,0] "[6] 32766: from all lookup 254 protocol 2")
16:22:41,434 DEBUG NetworkManager:<debug> [1590250961.4253] rules-manager: routing-rule: track [26680e46d5491e21,0] "[4] 0: from all lookup 255")
16:22:41,438 DEBUG NetworkManager:<debug> [1590250961.4253] rules-manager: routing-rule: track [26680e46d5491e21,0] "[4] 32766: from all lookup 254")
16:22:41,438 DEBUG NetworkManager:<debug> [1590250961.4253] rules-manager: routing-rule: track [26680e46d5491e21,0] "[4] 32767: from all lookup 253")
16:22:41,438 DEBUG NetworkManager:<debug> [1590250961.4254] rules-manager: routing-rule: track [26680e46d5491e21,0] "[6] 0: from all lookup 255")
16:22:41,438 DEBUG NetworkManager:<debug> [1590250961.4254] rules-manager: routing-rule: track [26680e46d5491e21,0] "[6] 32766: from all lookup 254")
16:22:41,468 DEBUG NetworkManager:<debug> [1590250961.4254] create NMNetns singleton (0x55acf3f0f400)
16:22:41,468 INFO systemd:Started Network Manager.
16:22:41,468 DEBUG NetworkManager:<debug> [1590250961.4254] auth[0x55acf3efa0a0]: create auth-manager: polkit enabled
16:22:41,478 INFO systemd:Starting Network Manager Wait Online...
16:22:41,478 DEBUG NetworkManager:<debug> [1590250961.4274] auth[0x55acf3efa0a0]: set instance
16:22:41,478 INFO systemd:Reached target Network.
16:22:41,478 DEBUG NetworkManager:<debug> [1590250961.4274] setup NMAuthManager singleton (0x55acf3efa0a0)
16:22:41,482 WARNING systemd:Cannot add dependency job for unit rhel-autorelabel-mark.service, ignoring: Unit is masked.
16:22:41,482 DEBUG NetworkManager:<debug> [1590250961.4274] create NMDBusManager singleton (0x55acf3f0a010)
16:22:41,482 WARNING systemd:Cannot add dependency job for unit rhel-autorelabel.service, ignoring: Unit is masked.
16:22:41,482 INFO NetworkManager:<info>  [1590250961.4422] bus-manager: acquired D-Bus service "org.freedesktop.NetworkManager"
16:22:41,507 WARNING systemd:Cannot add dependency job for unit rhel-loadmodules.service, ignoring: Unit is masked.
16:22:41,507 INFO NetworkManager:<info>  [1590250961.4527] manager[0x55acf3f1f020]: monitoring kernel firmware directory '/lib/firmware'.
16:22:41,507 WARNING systemd:Cannot add dependency job for unit systemd-tmpfiles-clean.timer, ignoring: Unit is masked.
16:22:41,508 DEBUG NetworkManager:<debug> [1590250961.4624] session-monitor: using systemd-logind session tracking
16:22:41,512 INFO systemd:Starting Hostname Service...
16:22:41,512 DEBUG NetworkManager:<debug> [1590250961.4625] create NMSessionMonitor singleton (0x55acf3f1bec0)
16:22:41,512 DEBUG NetworkManager:<debug> [1590250961.4625] create NMAgentManager singleton (0x55acf3f10c10)
16:22:41,518 NOTICE dbus:[system] Activating via systemd: service name='org.freedesktop.hostname1' unit='dbus-org.freedesktop.hostname1.service'
16:22:41,616 NOTICE dbus:[system] Successfully activated service 'org.freedesktop.hostname1'
16:22:41,622 INFO NetworkManager:<info>  [1590250961.6206] hostname: hostname: using hostnamed
16:22:41,622 DEBUG NetworkManager:<debug> [1590250961.6208] create NMHostnameManager singleton (0x55acf3efa320)
16:22:41,623 DEBUG NetworkManager:<debug> [1590250961.6209] create NMFirewallManager singleton (0x55acf3f1d280)
16:22:41,623 INFO NetworkManager:<info>  [1590250961.6215] dns-mgr[0x55acf3f05220]: init: dns=default,systemd-resolved rc-manager=file
16:22:41,623 DEBUG NetworkManager:<debug> [1590250961.6215] create NMDnsManager singleton (0x55acf3f05220)
16:22:41,623 DEBUG NetworkManager:<debug> [1590250961.6216] policy: hostname-mode: full
16:22:41,630 DEBUG NetworkManager:<debug> [1590250961.6239] manager: setup NMManager singleton (0x55acf3f1f020)
16:22:41,632 DEBUG NetworkManager:<debug> [1590250961.6258] create NMConnectivity singleton (0x7f3620004590)
16:22:41,632 DEBUG NetworkManager:<debug> [1590250961.6323] dispatcher: default script directory '/etc/NetworkManager/dispatcher.d' has scripts
16:22:41,635 DEBUG NetworkManager:<debug> [1590250961.6324] dispatcher: pre-up script directory '/etc/NetworkManager/dispatcher.d/pre-up.d' has no scripts
16:22:41,635 DEBUG NetworkManager:<debug> [1590250961.6325] dispatcher: pre-down script directory '/etc/NetworkManager/dispatcher.d/pre-down.d' has no scripts
16:22:41,635 NOTICE dbus:[system] Activating via systemd: service name='org.freedesktop.nm_dispatcher' unit='dbus-org.freedesktop.nm-dispatcher.service'
16:22:41,644 INFO systemd:Started Hostname Service.
16:22:41,648 WARNING systemd:Cannot add dependency job for unit rhel-autorelabel-mark.service, ignoring: Unit is masked.
16:22:41,648 WARNING systemd:Cannot add dependency job for unit rhel-autorelabel.service, ignoring: Unit is masked.
16:22:41,648 WARNING systemd:Cannot add dependency job for unit rhel-loadmodules.service, ignoring: Unit is masked.
16:22:41,649 WARNING systemd:Cannot add dependency job for unit systemd-tmpfiles-clean.timer, ignoring: Unit is masked.
16:22:41,652 INFO systemd:Starting Network Manager Script Dispatcher Service...
16:22:41,685 NOTICE dbus:[system] Successfully activated service 'org.freedesktop.nm_dispatcher'
16:22:41,686 INFO systemd:Started Network Manager Script Dispatcher Service.
16:22:41,698 DEBUG NetworkManager:<debug> [1590250961.6975] create SettingsPluginIfcfg singleton (0x55acf3f329e0)
16:22:41,701 INFO NetworkManager:<info>  [1590250961.6975] settings: Loaded settings plugin: SettingsPluginIfcfg ("/usr/lib64/NetworkManager/1.18.4-3.el7/libnm-settings-plugin-ifcfg-rh.so")
16:22:41,701 INFO NetworkManager:<info>  [1590250961.6976] settings: Loaded settings plugin: NMSKeyfilePlugin (internal)
16:22:41,708 DEBUG NetworkManager:<debug> [1590250961.6978] ifcfg-rh: loading from file "/etc/sysconfig/network-scripts/ifcfg-lo"...
16:22:41,708 DEBUG NetworkManager:<debug> [1590250961.6978] ifcfg-rh: loading "/etc/sysconfig/network-scripts/ifcfg-lo" fails: Ignoring loopback device config.
16:22:41,708 DEBUG NetworkManager:<debug> [1590250961.6979] keyfile: cannot read directory '/var/run/NetworkManager/system-connections': Error opening directory “/var/run/NetworkManager/system-connections”: No such file or directory
16:22:41,711 INFO NetworkManager:<info>  [1590250961.7007] manager: rfkill: Wi-Fi enabled by radio killswitch; enabled by state file
16:22:41,717 INFO NetworkManager:<info>  [1590250961.7015] manager: rfkill: WWAN enabled by radio killswitch; enabled by state file
16:22:41,717 INFO NetworkManager:<info>  [1590250961.7025] manager: Networking is enabled by state file
16:22:41,717 DEBUG NetworkManager:<debug> [1590250961.7025] dispatcher: (1) dispatching action 'hostname'
16:22:41,718 DEBUG NetworkManager:<debug> [1590250961.7095] dhcp-init: enabled DHCP client 'dhclient' (NMDhcpDhclient)
16:22:41,736 DEBUG NetworkManager:<debug> [1590250961.7095] dhcp-init: enabled DHCP client 'internal' (NMDhcpSystemd)
16:22:41,736 INFO NetworkManager:<info>  [1590250961.7095] dhcp-init: Using DHCP client 'dhclient'
16:22:41,736 DEBUG NetworkManager:<debug> [1590250961.7095] create NMDhcpManager singleton (0x55acf3f359c0)
16:22:41,736 DEBUG NetworkManager:<debug> [1590250961.7099] Loaded device plugin: NM6LowpanDeviceFactory (internal)
16:22:41,753 DEBUG NetworkManager:<debug> [1590250961.7099] Loaded device plugin: NMBondDeviceFactory (internal)
16:22:41,753 DEBUG NetworkManager:<debug> [1590250961.7099] Loaded device plugin: NMBridgeDeviceFactory (internal)
16:22:41,753 DEBUG NetworkManager:<debug> [1590250961.7099] Loaded device plugin: NMDummyDeviceFactory (internal)
16:22:41,753 DEBUG NetworkManager:<debug> [1590250961.7099] Loaded device plugin: NMEthernetDeviceFactory (internal)
16:22:41,757 DEBUG NetworkManager:<debug> [1590250961.7099] Loaded device plugin: NMInfinibandDeviceFactory (internal)
16:22:41,760 DEBUG NetworkManager:<debug> [1590250961.7100] Loaded device plugin: NMIPTunnelDeviceFactory (internal)
16:22:41,760 DEBUG NetworkManager:<debug> [1590250961.7100] Loaded device plugin: NMMacsecDeviceFactory (internal)
16:22:41,760 DEBUG NetworkManager:<debug> [1590250961.7100] Loaded device plugin: NMMacvlanDeviceFactory (internal)
16:22:41,760 DEBUG NetworkManager:<debug> [1590250961.7100] Loaded device plugin: NMPppDeviceFactory (internal)
16:22:41,765 DEBUG NetworkManager:<debug> [1590250961.7100] Loaded device plugin: NMTunDeviceFactory (internal)
16:22:41,765 DEBUG NetworkManager:<debug> [1590250961.7101] Loaded device plugin: NMVethDeviceFactory (internal)
16:22:41,765 DEBUG NetworkManager:<debug> [1590250961.7101] Loaded device plugin: NMVlanDeviceFactory (internal)
16:22:41,771 DEBUG NetworkManager:<debug> [1590250961.7101] Loaded device plugin: NMVxlanDeviceFactory (internal)
16:22:41,771 DEBUG NetworkManager:<debug> [1590250961.7101] Loaded device plugin: NMWireGuardDeviceFactory (internal)
16:22:41,775 DEBUG NetworkManager:<debug> [1590250961.7101] Loaded device plugin: NMWpanDeviceFactory (internal)
16:22:41,775 INFO nm-dispatcher:req:1 'hostname': new request (4 scripts)
16:22:41,775 DEBUG nm-dispatcher:req:1 'hostname': environment: PATH=/usr/local/sbin:/usr/local/bin:/usr/sbin:/usr/bin
16:22:41,775 DEBUG nm-dispatcher:req:1 'hostname': environment: NM_DISPATCHER_ACTION=hostname
16:22:41,780 INFO nm-dispatcher:req:1 'hostname': start running ordered scripts...
16:22:41,780 INFO kernel:IPv6: ADDRCONF(NETDEV_UP): ens3: link is not ready
16:22:41,780 DEBUG nm-dispatcher:req:1 'hostname', "/etc/NetworkManager/dispatcher.d/00-netreport": run script
16:22:41,780 INFO NetworkManager:<info>  [1590250961.7395] Loaded device plugin: NMTeamFactory (/usr/lib64/NetworkManager/1.18.4-3.el7/libnm-device-plugin-team.so)
16:22:41,780 INFO NetworkManager:<info>  [1590250961.7481] Loaded device plugin: NMWifiFactory (/usr/lib64/NetworkManager/1.18.4-3.el7/libnm-device-plugin-wifi.so)
16:22:41,788 DEBUG NetworkManager:<debug> [1590250961.7511] device[0x55acf3f12580] (lo): unmanaged: flags set to [platform-init,by-default=0x110/0x110/unmanaged/unrealized], set-unmanaged [by-default=0x100])
16:22:41,788 INFO kernel:e1000: ens3 NIC Link is Up 1000 Mbps Full Duplex, Flow Control: RX
16:22:41,789 DEBUG NetworkManager:<debug> [1590250961.7512] device[0x55acf3f12580] (lo): constructed (NMDeviceGeneric)
16:22:41,790 DEBUG NetworkManager:<debug> [1590250961.7512] device[0x55acf3f12580] (lo): start setup of NMDeviceGeneric, kernel ifindex 1
16:22:41,791 DEBUG NetworkManager:<debug> [1590250961.7513] device[0x55acf3f12580] (lo): assume-state: set guess-assume=1, connection=(null)
16:22:41,791 INFO kernel:IPv6: ADDRCONF(NETDEV_UP): ens3: link is not ready
16:22:41,791 INFO kernel:8021q: adding VLAN 0 to HW filter on device ens3
16:22:41,791 DEBUG NetworkManager:<debug> [1590250961.7513] platform-linux: error reading net:/sys/class/net/lo/phys_port_id: error reading 4096 bytes from file descriptor: Operation not supported
16:22:41,791 DEBUG NetworkManager:<debug> [1590250961.7514] platform-linux: sysctl: reading 'net:/sys/class/net/lo/dev_id': '0x0'
16:22:41,791 DEBUG NetworkManager:<debug> [1590250961.7515] platform-linux: error reading net:/sys/class/net/lo/device/sriov_totalvfs: Failed to open file "device/sriov_totalvfs" with openat: No such file or directory
16:22:41,795 DEBUG NetworkManager:<debug> [1590250961.7515] device[0x55acf3f12580] (lo): hw-addr: hardware address now 00:00:00:00:00:00
16:22:41,795 INFO kernel:IPv6: ADDRCONF(NETDEV_CHANGE): ens3: link becomes ready
16:22:41,795 DEBUG NetworkManager:<debug> [1590250961.7515] device[0x55acf3f12580] (lo): hw-addr: update initial MAC address 00:00:00:00:00:00
16:22:41,795 DEBUG NetworkManager:<debug> [1590250961.7515] device[0x55acf3f12580] (lo): hw-addr: unable to read permanent MAC address (use current: 00:00:00:00:00:00)
16:22:41,796 INFO NetworkManager:<info>  [1590250961.7516] device (lo): carrier: link connected
16:22:41,800 DEBUG NetworkManager:<debug> [1590250961.7516] device[0x55acf3f12580] (lo): unmanaged: flags set to [platform-init,by-default,!external-down=0x110/0x910/unmanaged/unrealized], set-managed [external-down=0x800])
16:22:41,800 DEBUG NetworkManager:<debug> [1590250961.7516] device[0x55acf3f12580] (lo): unmanaged: flags set to [by-type,platform-init,by-default,!external-down=0x118/0x918/unmanaged/unrealized], set-unmanaged [by-type=0x8])
16:22:41,803 DEBUG NetworkManager:<debug> [1590250961.7516] device[0x55acf3f12580] (lo): unmanaged: flags set to [by-type,platform-init,by-default,!user-settings,!external-down=0x118/0x958/unmanaged/unrealized], set-managed [user-settings=0x40])
16:22:41,808 DEBUG NetworkManager:<debug> [1590250961.7516] device[0x55acf3f12580] (lo): unmanaged: flags set to [by-type,by-default,!platform-init,!user-settings,!external-down=0x108/0x958/unmanaged/unrealized], set-managed [platform-init=0x10])
16:22:41,808 DEBUG NetworkManager:<debug> [1590250961.7516] device[0x55acf3f12580] (lo): unmanaged: flags set to [by-type,by-default,!sleeping,!platform-init,!user-settings,!external-down=0x108/0x959/unmanaged/unrealized], set-managed [sleeping=0x1])
16:22:41,808 INFO NetworkManager:<info>  [1590250961.7547] manager: (lo): new Generic device (/org/freedesktop/NetworkManager/Devices/1)
16:22:41,814 DEBUG NetworkManager:<debug> [1590250961.7599] device[0x55acf3f12580] (lo): assume-state: set guess-assume=0, connection=(null)
16:22:41,815 DEBUG NetworkManager:<debug> [1590250961.7610] device[0x55acf3f49930] (ens3): constructed (NMDeviceEthernet)
16:22:41,815 DEBUG NetworkManager:<debug> [1590250961.7611] device[0x55acf3f49930] (ens3): start setup of NMDeviceEthernet, kernel ifindex 2
16:22:41,815 DEBUG NetworkManager:<debug> [1590250961.7611] device[0x55acf3f49930] (ens3): assume-state: set guess-assume=1, connection=(null)
16:22:41,825 DEBUG NetworkManager:<debug> [1590250961.7612] platform-linux: error reading net:/sys/class/net/ens3/phys_port_id: error reading 4096 bytes from file descriptor: Operation not supported
16:22:41,825 WARNING systemd:Cannot add dependency job for unit rhel-autorelabel-mark.service, ignoring: Unit is masked.
16:22:41,836 DEBUG NetworkManager:<debug> [1590250961.7612] platform-linux: sysctl: reading 'net:/sys/class/net/ens3/dev_id': '0x0'
16:22:41,836 WARNING systemd:Cannot add dependency job for unit rhel-autorelabel.service, ignoring: Unit is masked.
16:22:41,839 DEBUG NetworkManager:<debug> [1590250961.7613] platform-linux: error reading net:/sys/class/net/ens3/device/sriov_totalvfs: Failed to open file "device/sriov_totalvfs" with openat: No such file or directory
16:22:41,839 WARNING systemd:Cannot add dependency job for unit rhel-loadmodules.service, ignoring: Unit is masked.
16:22:41,839 DEBUG NetworkManager:<debug> [1590250961.7614] device[0x55acf3f49930] (ens3): hw-addr: hardware address now 52:54:00:12:34:56
16:22:41,851 WARNING systemd:Cannot add dependency job for unit systemd-tmpfiles-clean.timer, ignoring: Unit is masked.
16:22:41,851 DEBUG NetworkManager:<debug> [1590250961.7614] device[0x55acf3f49930] (ens3): hw-addr: update initial MAC address 52:54:00:12:34:56
16:22:41,851 INFO systemd:Starting Authorization Manager...
16:22:41,859 DEBUG NetworkManager:<debug> [1590250961.7614] device[0x55acf3f49930] (ens3): hw-addr: read permanent MAC address '52:54:00:12:34:56'
16:22:41,859 DEBUG NetworkManager:<debug> [1590250961.7615] device[0x55acf3f49930] (ens3): unmanaged: flags set to [platform-init,!by-type=0x10/0x18/unmanaged/unrealized], set-managed [by-type=0x8])
16:22:41,859 DEBUG NetworkManager:<debug> [1590250961.7615] device[0x55acf3f49930] (ens3): unmanaged: flags set to [platform-init,!by-type,!user-settings=0x10/0x58/unmanaged/unrealized], set-managed [user-settings=0x40])
16:22:41,863 DEBUG NetworkManager:<debug> [1590250961.7615] device[0x55acf3f49930] (ens3): unmanaged: flags set to [!by-type,!platform-init,!user-settings=0x0/0x58/managed/unrealized], set-managed [platform-init=0x10])
16:22:41,863 DEBUG NetworkManager:<debug> [1590250961.7615] device[0x55acf3f49930] (ens3): unmanaged: flags set to [!sleeping,!by-type,!platform-init,!user-settings=0x0/0x59/managed/unrealized], set-managed [sleeping=0x1])
16:22:41,863 INFO NetworkManager:<info>  [1590250961.7646] manager: (ens3): new Ethernet device (/org/freedesktop/NetworkManager/Devices/2)
16:22:41,863 DEBUG NetworkManager:<debug> [1590250961.7685] device[0x55acf3f49930] (ens3): ip4-config: update (commit=0, new-config=0x55acf3f2a260)
16:22:41,873 DEBUG NetworkManager:<debug> [1590250961.7704] device[0x55acf3f49930] (ens3): ip4-config: set IP Config instance (/org/freedesktop/NetworkManager/IP4Config/1)
16:22:41,873 DEBUG NetworkManager:<debug> [1590250961.7710] dns-mgr: (device_ip_config_changed): queueing DNS updates (1)
16:22:41,889 DEBUG NetworkManager:<debug> [1590250961.7710] dns-mgr: (device_ip_config_changed): DNS configuration did not change
16:22:41,889 DEBUG NetworkManager:<debug> [1590250961.7710] dns-mgr: (device_ip_config_changed): no DNS changes to commit (0)
16:22:41,889 DEBUG NetworkManager:<debug> [1590250961.7711] device[0x55acf3f49930] (ens3): ip6-config: update (commit=0, new-config=0x55acf3f043f0)
16:22:41,894 DEBUG NetworkManager:<debug> [1590250961.7726] device[0x55acf3f49930] (ens3): ip6-config: set IP Config instance (/org/freedesktop/NetworkManager/IP6Config/1)
16:22:41,894 DEBUG NetworkManager:<debug> [1590250961.7744] dns-mgr: (device_ip_config_changed): queueing DNS updates (1)
16:22:41,894 DEBUG NetworkManager:<debug> [1590250961.7744] dns-mgr: (device_ip_config_changed): DNS configuration did not change
16:22:41,894 DEBUG NetworkManager:<debug> [1590250961.7744] dns-mgr: (device_ip_config_changed): no DNS changes to commit (0)
16:22:41,908 DEBUG NetworkManager:<debug> [1590250961.7744] device[0x55acf3f49930] (ens3): assume-state: set guess-assume=0, connection=(null)
16:22:41,913 INFO systemd:Started Network Manager Wait Online.
16:22:41,913 DEBUG NetworkManager:<debug> [1590250961.7745] manager: (ens3): assume: cannot generate connection: device has no existing configuration
16:22:41,913 INFO systemd:Reached target Network is Online.
16:22:41,930 INFO NetworkManager:<info>  [1590250961.7745] device (ens3): state change: unmanaged -> unavailable (reason 'managed', sys-iface-state: 'external')
16:22:41,930 INFO systemd:Starting System Logging Service...
16:22:41,930 DEBUG NetworkManager:<debug> [1590250961.7746] platform-linux: sysctl: reading '/proc/sys/net/ipv6/conf/ens3/accept_ra': '1'
16:22:41,930 DEBUG NetworkManager:<debug> [1590250961.7747] platform-linux: sysctl: reading '/proc/sys/net/ipv6/conf/ens3/accept_ra_defrtr': '1'
16:22:41,936 DEBUG NetworkManager:<debug> [1590250961.7747] platform-linux: sysctl: reading '/proc/sys/net/ipv6/conf/ens3/accept_ra_pinfo': '1'
16:22:41,936 DEBUG NetworkManager:<debug> [1590250961.7747] platform-linux: sysctl: reading '/proc/sys/net/ipv6/conf/ens3/accept_ra_rtr_pref': '1'
16:22:41,936 DEBUG NetworkManager:<debug> [1590250961.7748] platform-linux: sysctl: reading '/proc/sys/net/ipv6/conf/ens3/forwarding': '0'
16:22:41,940 DEBUG NetworkManager:<debug> [1590250961.7748] platform-linux: sysctl: reading '/proc/sys/net/ipv6/conf/ens3/disable_ipv6': '0'
16:22:41,940 DEBUG NetworkManager:<debug> [1590250961.7749] platform-linux: sysctl: reading '/proc/sys/net/ipv6/conf/ens3/hop_limit': '64'
16:22:41,947 DEBUG NetworkManager:<debug> [1590250961.7749] platform-linux: sysctl: reading '/proc/sys/net/ipv6/conf/ens3/use_tempaddr': '0'
16:22:41,947 DEBUG NetworkManager:<debug> [1590250961.7749] device[0x55acf3f49930] (ens3): will enable userland IPv6LL
16:22:41,947 DEBUG NetworkManager:<debug> [1590250961.7749] platform-linux: link: change 2: user-ipv6ll: set IPv6 address generation mode to none
16:22:41,947 DEBUG NetworkManager:<debug> [1590250961.7749] platform-linux: do-request-link: 2
16:22:41,974 DEBUG NetworkManager:<debug> [1590250961.7770] platform: (ens3) signal: link changed: 2: ens3 <DOWN;broadcast,multicast> mtu 1500 arp 1 ethernet? init addrgenmode none addr 52:54:00:12:34:56 driver e1000 rx:0,0 tx:0,0
16:22:41,974 DEBUG NetworkManager:<debug> [1590250961.7771] device[0x55acf3f49930] (ens3): queued link change for ifindex 2
16:22:41,974 DEBUG NetworkManager:<debug> [1590250961.7771] platform-linux: do-change-link[2]: success changing link: success
16:22:41,988 DEBUG NetworkManager:<debug> [1590250961.7772] platform-linux: sysctl: setting '/proc/sys/net/ipv6/conf/ens3/disable_ipv6' to '1' (current value is '0')
16:22:41,988 DEBUG NetworkManager:<debug> [1590250961.7772] platform-linux: sysctl: setting '/proc/sys/net/ipv6/conf/ens3/disable_ipv6' to '0' (current value is '1')
16:22:41,991 DEBUG NetworkManager:<debug> [1590250961.7773] platform-linux: sysctl: setting '/proc/sys/net/ipv6/conf/ens3/accept_ra_defrtr' to '0' (current value is '1')
16:22:41,997 DEBUG NetworkManager:<debug> [1590250961.7773] platform-linux: sysctl: setting '/proc/sys/net/ipv6/conf/ens3/accept_ra_pinfo' to '0' (current value is '1')
16:22:41,997 DEBUG NetworkManager:<debug> [1590250961.7773] platform-linux: sysctl: setting '/proc/sys/net/ipv6/conf/ens3/accept_ra_rtr_pref' to '0' (current value is '1')
16:22:41,997 DEBUG NetworkManager:<debug> [1590250961.7774] platform-linux: sysctl: setting '/proc/sys/net/ipv6/conf/ens3/use_tempaddr' to '0' (current value is identical)
16:22:41,997 DEBUG NetworkManager:<debug> [1590250961.7774] platform-linux: sysctl: setting '/proc/sys/net/ipv6/conf/ens3/forwarding' to '0' (current value is identical)
16:22:42,005 DEBUG NetworkManager:<debug> [1590250961.7774] device[0x55acf3f49930] (ens3): bringing up device 2
16:22:42,005 DEBUG NetworkManager:<debug> [1590250961.7774] platform: (ens3) link: setting up
16:22:42,005 DEBUG NetworkManager:<debug> [1590250961.7774] platform-linux: link: change 2: flags: set 0x1/0x1 ([up] / [up])
16:22:42,005 DEBUG NetworkManager:<debug> [1590250961.7949] platform-linux: do-request-link: 2
16:22:42,011 DEBUG NetworkManager:<debug> [1590250961.7950] platform: (ens3) signal: link changed: 2: ens3 <UP,LOWER_UP;broadcast,multicast,up,lowerup> mtu 1500 arp 1 ethernet? init addrgenmode none addr 52:54:00:12:34:56 driver e1000 rx:0,0 tx:0,0
16:22:42,011 DEBUG NetworkManager:<debug> [1590250961.7950] platform: kernel-support for RTA_PREF (ability to set router preference for IPv6 routes) detected: supported
16:22:42,011 DEBUG NetworkManager:<debug> [1590250961.7950] platform: (ens3) signal: route   6   added: table 255 ff00::/8 via :: dev 2 metric 256 mss 0 rt-src rt-boot
16:22:42,011 DEBUG NetworkManager:<debug> [1590250961.7950] platform: (ens3) signal: link changed: 2: ens3 <UP,LOWER_UP;broadcast,multicast,up,running,lowerup> mtu 1500 arp 1 ethernet? init addrgenmode none addr 52:54:00:12:34:56 driver e1000 rx:0,0 tx:0,0
16:22:42,015 DEBUG NetworkManager:<debug> [1590250961.7951] platform-linux: do-change-link[2]: success changing link: success
16:22:42,015 INFO NetworkManager:<info>  [1590250961.7965] device (ens3): carrier: link connected
16:22:42,015 DEBUG NetworkManager:<debug> [1590250961.7966] device[0x55acf3f49930] (ens3): speed is now 1000 Mb/s
16:22:42,030 DEBUG NetworkManager:<debug> [1590250961.7971] device[0x55acf3f49930] (ens3): add_pending_action (1): 'queued-state-change-disconnected'
16:22:42,032 DEBUG NetworkManager:<debug> [1590250961.7972] device[0x55acf3f49930] (ens3): queue-state[disconnected, reason:carrier-changed, id:31]: queue state change
16:22:42,032 DEBUG NetworkManager:<debug> [1590250961.7972] device[0x55acf3f49930] (ens3): preparing device
16:22:42,032 DEBUG NetworkManager:<debug> [1590250961.7972] device[0x55acf3f49930] (ens3): queue-state[disconnected, reason:carrier-changed, id:31]: clear queued state change
16:22:42,032 DEBUG NetworkManager:<debug> [1590250961.7972] device[0x55acf3f49930] (ens3): remove_pending_action (0): 'queued-state-change-disconnected'
16:22:42,034 DEBUG NetworkManager:<debug> [1590250961.7972] device[0x55acf3f49930] (ens3): clearing queued IP4 config change
16:22:42,034 DEBUG NetworkManager:<debug> [1590250961.7973] device[0x55acf3f49930] (ens3): clearing queued IP6 config change
16:22:42,040 DEBUG NetworkManager:<debug> [1590250961.7973] platform-linux: sysctl: setting '/proc/sys/net/ipv6/conf/ens3/accept_ra' to '0' (current value is '1')
16:22:42,040 DEBUG NetworkManager:<debug> [1590250961.7974] platform-linux: sysctl: setting '/proc/sys/net/ipv6/conf/ens3/use_tempaddr' to '0' (current value is identical)
16:22:42,040 DEBUG NetworkManager:<debug> [1590250961.8011] platform: (ens3) ip6-route: delete table 255 ff00::/8 via :: dev 2 metric 256 mss 0 rt-src rt-boot
16:22:42,040 DEBUG NetworkManager:<debug> [1590250961.8011] platform: (ens3) signal: route   6 removed: table 255 ff00::/8 via :: dev 2 metric 256 mss 0 rt-src rt-boot
16:22:42,042 DEBUG NetworkManager:<debug> [1590250961.8012] device[0x55acf3f49930] (ens3): queued IP6 config change
16:22:42,042 DEBUG NetworkManager:<debug> [1590250961.8012] platform-linux: do-delete-ip6-route[table 255 ff00::/8 via :: dev 2 metric 256 mss 0 rt-src rt-boot]: success
16:22:42,042 DEBUG NetworkManager:<debug> [1590250961.8012] rules-manager: sync
16:22:42,042 DEBUG NetworkManager:<debug> [1590250961.8012] device[0x55acf3f49930] (ens3): ip4-config: update (commit=1, new-config=(nil))
16:22:42,042 DEBUG NetworkManager:<debug> [1590250961.8012] device[0x55acf3f49930] (ens3): ip4-config: clear IP Config instance (/org/freedesktop/NetworkManager/IP4Config/1)
16:22:42,047 DEBUG NetworkManager:<debug> [1590250961.8018] dns-mgr: (device_ip_config_changed): queueing DNS updates (1)
16:22:42,047 DEBUG NetworkManager:<debug> [1590250961.8018] dns-mgr: (device_ip_config_changed): DNS configuration did not change
16:22:42,047 DEBUG NetworkManager:<debug> [1590250961.8018] dns-mgr: (device_ip_config_changed): no DNS changes to commit (0)
16:22:42,047 DEBUG NetworkManager:<debug> [1590250961.8022] device[0x55acf3f49930] (ens3): ip6-config: update (commit=1, new-config=(nil))
16:22:42,055 DEBUG NetworkManager:<debug> [1590250961.8022] device[0x55acf3f49930] (ens3): ip6-config: clear IP Config instance (/org/freedesktop/NetworkManager/IP6Config/1)
16:22:42,055 DEBUG NetworkManager:<debug> [1590250961.8034] dns-mgr: (device_ip_config_changed): queueing DNS updates (1)
16:22:42,055 DEBUG NetworkManager:<debug> [1590250961.8034] dns-mgr: (device_ip_config_changed): DNS configuration did not change
16:22:42,055 DEBUG NetworkManager:<debug> [1590250961.8034] dns-mgr: (device_ip_config_changed): no DNS changes to commit (0)
16:22:42,058 DEBUG NetworkManager:<debug> [1590250961.8067] device[0x55acf3f49930] (ens3): add_pending_action (1): 'recheck-available'
16:22:42,058 DEBUG NetworkManager:<debug> [1590250961.8109] device[0x55acf3f49930] (ens3): connectivity state changed from UNKNOWN to NONE
16:22:42,061 DEBUG NetworkManager:<debug> [1590250961.8113] manager: connectivity checking indicates NONE
16:22:42,061 DEBUG NetworkManager:<debug> [1590250961.8132] dispatcher: (2) dispatching action 'connectivity-change'
16:22:42,061 INFO nm-dispatcher:req:2 'connectivity-change': new request (4 scripts)
16:22:42,061 DEBUG nm-dispatcher:req:2 'connectivity-change': environment: CONNECTIVITY_STATE=NONE
16:22:42,066 DEBUG nm-dispatcher:req:2 'connectivity-change': environment: PATH=/usr/local/sbin:/usr/local/bin:/usr/sbin:/usr/bin
16:22:42,066 DEBUG nm-dispatcher:req:2 'connectivity-change': environment: NM_DISPATCHER_ACTION=connectivity-change
16:22:42,066 DEBUG NetworkManager:<debug> [1590250961.8137] device[0x55acf3f49930] (ens3): connectivity state changed from UNKNOWN to NONE
16:22:42,066 DEBUG NetworkManager:<debug> [1590250961.8151] create NMVpnManager singleton (0x7f3620004630)
16:22:42,072 DEBUG NetworkManager:<debug> [1590250961.8151] manager: creating virtual devices...
16:22:42,072 DEBUG NetworkManager:<debug> [1590250961.8151] setting up local loopback
16:22:42,072 DEBUG NetworkManager:<debug> [1590250961.8151] platform: (lo) link: setting up
16:22:42,072 DEBUG NetworkManager:<debug> [1590250961.8151] platform-linux: link: change 1: flags: set 0x1/0x1 ([up] / [up])
16:22:42,077 DEBUG NetworkManager:<debug> [1590250961.8151] platform-linux: do-request-link: 1
16:22:42,077 DEBUG NetworkManager:<debug> [1590250961.8152] platform-linux: do-change-link[1]: success changing link: success
16:22:42,077 NOTICE dbus:[system] Activating via systemd: service name='org.freedesktop.PolicyKit1' unit='polkit.service'
16:22:42,077 DEBUG NetworkManager:<debug> [1590250961.8318] sleep-monitor-sd: inhibit: taking sleep inhibitor...
16:22:42,083 DEBUG NetworkManager:<debug> [1590250961.8410] ifcfg-rh: dbus: acquired D-Bus service com.redhat.ifcfgrh1 and exported /com/redhat/ifcfgrh1 object
16:22:42,083 DEBUG NetworkManager:<debug> [1590250961.8410] sleep-monitor-sd: inhibit: inhibitor fd is 20
16:22:42,083 DEBUG NetworkManager:<debug> [1590250961.8411] firewall: firewall initialized (not running)
16:22:42,083 DEBUG NetworkManager:<debug> [1590250961.8411] device[0x55acf3f12580] (lo): ip4-config: update (commit=0, new-config=0x55acf3f2a130)
16:22:42,083 DEBUG NetworkManager:<debug> [1590250961.8459] device[0x55acf3f12580] (lo): ip4-config: set IP Config instance (/org/freedesktop/NetworkManager/IP4Config/2)
16:22:42,088 DEBUG NetworkManager:<debug> [1590250961.8508] dns-mgr: (device_ip_config_changed): queueing DNS updates (1)
16:22:42,088 DEBUG NetworkManager:<debug> [1590250961.8508] dns-mgr: (device_ip_config_changed): DNS configuration did not change
16:22:42,088 DEBUG NetworkManager:<debug> [1590250961.8508] dns-mgr: (device_ip_config_changed): no DNS changes to commit (0)
16:22:42,088 DEBUG NetworkManager:<debug> [1590250961.8508] device[0x55acf3f12580] (lo): ip6-config: update (commit=0, new-config=0x55acf3f041d0)
16:22:42,092 DEBUG NetworkManager:<debug> [1590250961.8525] device[0x55acf3f12580] (lo): ip6-config: set IP Config instance (/org/freedesktop/NetworkManager/IP6Config/2)
16:22:42,092 DEBUG NetworkManager:<debug> [1590250961.8542] dns-mgr: (device_ip_config_changed): queueing DNS updates (1)
16:22:42,092 DEBUG NetworkManager:<debug> [1590250961.8542] dns-mgr: (device_ip_config_changed): DNS configuration did not change
16:22:42,092 DEBUG NetworkManager:<debug> [1590250961.8542] dns-mgr: (device_ip_config_changed): no DNS changes to commit (0)
16:22:42,097 DEBUG NetworkManager:<debug> [1590250961.8543] manager: (ens3): assume: cannot generate connection: device has no existing configuration
16:22:42,097 DEBUG NetworkManager:<debug> [1590250961.8543] device[0x55acf3f49930] (ens3): ip6-config: update (commit=0, new-config=0x55acf3f04720)
16:22:42,097 DEBUG NetworkManager:<debug> [1590250961.8548] device[0x55acf3f49930] (ens3): ip6-config: set IP Config instance (/org/freedesktop/NetworkManager/IP6Config/3)
16:22:42,097 DEBUG NetworkManager:<debug> [1590250961.8555] dns-mgr: (device_ip_config_changed): queueing DNS updates (1)
16:22:42,102 DEBUG NetworkManager:<debug> [1590250961.8555] dns-mgr: (device_ip_config_changed): DNS configuration did not change
16:22:42,102 DEBUG NetworkManager:<debug> [1590250961.8555] dns-mgr: (device_ip_config_changed): no DNS changes to commit (0)
16:22:42,102 DEBUG NetworkManager:<debug> [1590250961.8555] device[0x55acf3f49930] (ens3): add_pending_action (2): 'queued-state-change-disconnected'
16:22:42,102 DEBUG NetworkManager:<debug> [1590250961.8555] device[0x55acf3f49930] (ens3): queue-state[disconnected, reason:none, id:69]: queue state change
16:22:42,105 DEBUG NetworkManager:<debug> [1590250961.8556] device[0x55acf3f49930] (ens3): is available, will transition to disconnected
16:22:42,106 DEBUG NetworkManager:<debug> [1590250961.8556] device[0x55acf3f49930] (ens3): remove_pending_action (1): 'recheck-available'
16:22:42,106 DEBUG NetworkManager:<debug> [1590250961.8574] manager: (lo): assume: don't assume because not managed
16:22:42,106 DEBUG NetworkManager:<debug> [1590250961.8574] manager: (ens3): assume: cannot generate connection: device has no existing configuration
16:22:42,106 DEBUG NetworkManager:<debug> [1590250961.8574] device[0x55acf3f49930] (ens3): queue-state[disconnected, reason:none, id:69]: change state
16:22:42,106 INFO NetworkManager:<info>  [1590250961.8574] device (ens3): state change: unavailable -> disconnected (reason 'none', sys-iface-state: 'managed')
16:22:42,134 DEBUG NetworkManager:<debug> [1590250961.8574] device[0x55acf3f49930] (ens3): will enable userland IPv6LL
16:22:42,134 DEBUG NetworkManager:<debug> [1590250961.8575] platform-linux: link: change 2: user-ipv6ll: set IPv6 address generation mode to none
16:22:42,134 DEBUG NetworkManager:<debug> [1590250961.8575] platform-linux: do-request-link: 2
16:22:42,134 DEBUG NetworkManager:<debug> [1590250961.8576] platform-linux: do-change-link[2]: success changing link: success
16:22:42,139 DEBUG NetworkManager:<debug> [1590250961.8576] platform-linux: sysctl: setting '/proc/sys/net/ipv6/conf/ens3/disable_ipv6' to '1' (current value is '0')
16:22:42,139 DEBUG NetworkManager:<debug> [1590250961.8640] platform-linux: sysctl: setting '/proc/sys/net/ipv6/conf/ens3/disable_ipv6' to '0' (current value is '1')
16:22:42,139 DEBUG NetworkManager:<debug> [1590250961.8649] platform-linux: sysctl: setting '/proc/sys/net/ipv6/conf/ens3/accept_ra_defrtr' to '0' (current value is identical)
16:22:42,139 DEBUG NetworkManager:<debug> [1590250961.8744] platform-linux: sysctl: setting '/proc/sys/net/ipv6/conf/ens3/accept_ra_pinfo' to '0' (current value is identical)
16:22:42,145 DEBUG NetworkManager:<debug> [1590250961.8779] platform-linux: sysctl: setting '/proc/sys/net/ipv6/conf/ens3/accept_ra_rtr_pref' to '0' (current value is identical)
16:22:42,145 DEBUG nm-dispatcher:req:1 'hostname', "/etc/NetworkManager/dispatcher.d/00-netreport": complete
16:22:42,145 DEBUG nm-dispatcher:req:1 'hostname', "/etc/NetworkManager/dispatcher.d/04-iscsi": run script
16:22:42,145 DEBUG NetworkManager:<debug> [1590250961.8888] platform-linux: sysctl: setting '/proc/sys/net/ipv6/conf/ens3/use_tempaddr' to '0' (current value is identical)
16:22:42,149 DEBUG NetworkManager:<debug> [1590250961.8889] platform-linux: sysctl: setting '/proc/sys/net/ipv6/conf/ens3/forwarding' to '0' (current value is identical)
16:22:42,149 DEBUG NetworkManager:<debug> [1590250961.8954] device[0x55acf3f49930] (ens3): add_pending_action (2): 'autoactivate'
16:22:42,149 DEBUG NetworkManager:<debug> [1590250961.8954] device[0x55acf3f49930] (ens3): remove_pending_action (1): 'queued-state-change-disconnected'
16:22:42,153 DEBUG NetworkManager:<debug> [1590250961.8955] platform: (ens3) signal: route   6   added: table 255 ff00::/8 via :: dev 2 metric 256 mss 0 rt-src rt-boot
16:22:42,153 DEBUG NetworkManager:<debug> [1590250961.8955] device[0x55acf3f49930] (ens3): queued IP6 config change
16:22:42,153 DEBUG NetworkManager:<debug> [1590250961.8955] device[0x55acf3f49930] (ens3): remove_pending_action (0): 'autoactivate'
16:22:42,153 DEBUG NetworkManager:<debug> [1590250961.8956] device[0x55acf3f49930] (ens3): ip6-config: update (commit=0, new-config=0x55acf3f04a50)
16:22:42,158 DEBUG NetworkManager:<debug> [1590250961.8966] device[0x55acf3f49930] (ens3): ip6-config: update IP Config instance (/org/freedesktop/NetworkManager/IP6Config/3)
16:22:42,158 DEBUG NetworkManager:<debug> [1590250961.8966] dns-mgr: (device_ip_config_changed): queueing DNS updates (1)
16:22:42,158 DEBUG NetworkManager:<debug> [1590250961.8966] dns-mgr: (device_ip_config_changed): DNS configuration did not change
16:22:42,158 DEBUG NetworkManager:<debug> [1590250961.8966] dns-mgr: (device_ip_config_changed): no DNS changes to commit (0)
16:22:42,162 DEBUG NetworkManager:<debug> [1590250961.8967] manager: (ens3): assume: cannot generate connection: device has no existing configuration
16:22:42,164 INFO NetworkManager:<info>  [1590250961.8967] manager: startup complete
16:22:42,164 DEBUG nm-dispatcher:req:1 'hostname', "/etc/NetworkManager/dispatcher.d/04-iscsi": complete
16:22:42,164 DEBUG nm-dispatcher:req:1 'hostname', "/etc/NetworkManager/dispatcher.d/11-dhclient": run script
16:22:42,164 DEBUG nm-dispatcher:req:1 'hostname', "/etc/NetworkManager/dispatcher.d/11-dhclient": complete
16:22:42,164 DEBUG nm-dispatcher:req:1 'hostname', "/etc/NetworkManager/dispatcher.d/20-chrony": run script
16:22:42,167 DEBUG nm-dispatcher:req:1 'hostname', "/etc/NetworkManager/dispatcher.d/20-chrony": complete
16:22:42,167 DEBUG nm-dispatcher:req:1 'hostname': completed (4 scripts)
16:22:42,167 INFO nm-dispatcher:req:2 'connectivity-change': start running ordered scripts...
16:22:42,167 DEBUG nm-dispatcher:req:2 'connectivity-change', "/etc/NetworkManager/dispatcher.d/00-netreport": run script
16:22:42,172 DEBUG NetworkManager:<debug> [1590250962.0144] dispatcher: (1) 00-netreport succeeded
16:22:42,172 DEBUG NetworkManager:<debug> [1590250962.0144] dispatcher: (1) 04-iscsi succeeded
16:22:42,172 DEBUG NetworkManager:<debug> [1590250962.0144] dispatcher: (1) 11-dhclient succeeded
16:22:42,172 DEBUG NetworkManager:<debug> [1590250962.0144] dispatcher: (1) 20-chrony succeeded
16:22:42,175 DEBUG nm-dispatcher:req:2 'connectivity-change', "/etc/NetworkManager/dispatcher.d/00-netreport": complete
16:22:42,175 DEBUG nm-dispatcher:req:2 'connectivity-change', "/etc/NetworkManager/dispatcher.d/04-iscsi": run script
16:22:42,181 DEBUG nm-dispatcher:req:2 'connectivity-change', "/etc/NetworkManager/dispatcher.d/04-iscsi": complete
16:22:42,181 DEBUG nm-dispatcher:req:2 'connectivity-change', "/etc/NetworkManager/dispatcher.d/11-dhclient": run script
16:22:42,181 DEBUG nm-dispatcher:req:2 'connectivity-change', "/etc/NetworkManager/dispatcher.d/11-dhclient": complete
16:22:42,181 DEBUG nm-dispatcher:req:2 'connectivity-change', "/etc/NetworkManager/dispatcher.d/20-chrony": run script
16:22:42,187 INFO polkitd:Started polkitd version 0.112
16:22:42,246 INFO systemd:Started System Logging Service.
16:22:42,252 DEBUG nm-dispatcher:req:2 'connectivity-change', "/etc/NetworkManager/dispatcher.d/20-chrony": complete
16:22:42,252 INFO systemd:Reached target Anaconda System Services.
16:22:42,252 DEBUG nm-dispatcher:req:2 'connectivity-change': completed (4 scripts)
16:22:42,272 NOTICE kernel:type=1400 audit(1590250962.269:3): avc:  denied  { write } for  pid=1218 comm="in:imjournal" name="/" dev="dm-0" ino=2 scontext=system_u:system_r:syslogd_t:s0 tcontext=system_u:object_r:root_t:s0 tclass=dir permissive=1
16:22:42,272 NOTICE kernel:type=1400 audit(1590250962.269:4): avc:  denied  { add_name } for  pid=1218 comm="in:imjournal" name="imjournal.state.tmp" scontext=system_u:system_r:syslogd_t:s0 tcontext=system_u:object_r:root_t:s0 tclass=dir permissive=1
16:22:42,272 NOTICE kernel:type=1400 audit(1590250962.269:5): avc:  denied  { create } for  pid=1218 comm="in:imjournal" name="imjournal.state.tmp" scontext=system_u:system_r:syslogd_t:s0 tcontext=system_u:object_r:root_t:s0 tclass=file permissive=1
16:22:42,272 NOTICE kernel:type=1400 audit(1590250962.269:6): avc:  denied  { write open } for  pid=1218 comm="in:imjournal" path="/imjournal.state.tmp" dev="dm-0" ino=1394 scontext=system_u:system_r:syslogd_t:s0 tcontext=system_u:object_r:root_t:s0 tclass=file permissive=1
16:22:42,272 NOTICE kernel:type=1400 audit(1590250962.269:7): avc:  denied  { getattr } for  pid=1218 comm="in:imjournal" path="/imjournal.state.tmp" dev="dm-0" ino=1394 scontext=system_u:system_r:syslogd_t:s0 tcontext=system_u:object_r:root_t:s0 tclass=file permissive=1
16:22:42,272 NOTICE kernel:type=1400 audit(1590250962.269:8): avc:  denied  { remove_name } for  pid=1218 comm="in:imjournal" name="imjournal.state.tmp" dev="dm-0" ino=1394 scontext=system_u:system_r:syslogd_t:s0 tcontext=system_u:object_r:root_t:s0 tclass=dir permissive=1
16:22:42,272 NOTICE kernel:type=1400 audit(1590250962.269:9): avc:  denied  { rename } for  pid=1218 comm="in:imjournal" name="imjournal.state.tmp" dev="dm-0" ino=1394 scontext=system_u:system_r:syslogd_t:s0 tcontext=system_u:object_r:root_t:s0 tclass=file permissive=1
16:22:42,272 NOTICE kernel:type=1400 audit(1590250962.270:10): avc:  denied  { unlink } for  pid=1218 comm="in:imjournal" name="imjournal.state" dev="dm-0" ino=1394 scontext=system_u:system_r:syslogd_t:s0 tcontext=system_u:object_r:root_t:s0 tclass=file permissive=1
16:22:42,274 INFO systemd:Starting Anaconda...
16:22:42,274 DEBUG NetworkManager:<debug> [1590250962.1559] dispatcher: (2) 00-netreport succeeded
16:22:42,274 DEBUG NetworkManager:<debug> [1590250962.1559] dispatcher: (2) 04-iscsi succeeded
16:22:42,275 DEBUG NetworkManager:<debug> [1590250962.1559] dispatcher: (2) 11-dhclient succeeded
16:22:42,307 DEBUG NetworkManager:<debug> [1590250962.1560] dispatcher: (2) 20-chrony succeeded
16:22:42,307 INFO rsyslogd: [origin software="rsyslogd" swVersion="8.24.0-52.el7" x-pid="1218" x-info="http://www.rsyslog.com"] start
16:22:42,316 WARNING rsyslogd:warning: ~ action is deprecated, consider using the 'stop' statement instead [v8.24.0-52.el7 try http://www.rsyslog.com/e/2307 ]
16:22:42,316 ERR rsyslogd:imfile: on startup file '/tmp/X.log' does not exist but is configured in static file monitor - this may indicate a misconfiguration. If the file appears at a later time, it will automatically be processed. Reason: No such file or directory [v8.24.0-52.el7]
16:22:42,316 ERR rsyslogd:imfile: on startup file '/tmp/anaconda-tb-all.log' does not exist but is configured in static file monitor - this may indicate a misconfiguration. If the file appears at a later time, it will automatically be processed. Reason: No such file or directory [v8.24.0-52.el7]
16:22:42,377 NOTICE dbus:[system] Successfully activated service 'org.freedesktop.PolicyKit1'
16:22:42,378 INFO systemd:Started Authorization Manager.
16:22:42,379 DEBUG NetworkManager:<debug> [1590250962.3791] auth: dbus name owner: ':1.7'
16:22:42,380 DEBUG NetworkManager:<debug> [1590250962.3793] auth: emit changed signal
16:22:42,391 INFO systemd:Started Anaconda.
16:22:42,418 INFO systemd:Started Anaconda Text Console.
16:22:42,418 INFO systemd:Startup finished in 3.989s (kernel) + 10.447s (initrd) + 5.465s (userspace) = 19.902s.
16:22:42,630 NOTICE kernel:type=1400 audit(1590250962.629:11): avc:  denied  { write } for  pid=1218 comm="in:imjournal" name="/" dev="dm-0" ino=2 scontext=system_u:system_r:syslogd_t:s0 tcontext=system_u:object_r:root_t:s0 tclass=dir permissive=1
16:22:42,630 NOTICE kernel:type=1400 audit(1590250962.629:12): avc:  denied  { add_name } for  pid=1218 comm="in:imjournal" name="imjournal.state.tmp" scontext=system_u:system_r:syslogd_t:s0 tcontext=system_u:object_r:root_t:s0 tclass=dir permissive=1
16:22:45,704 INFO rngd:Enabling JITTER rng support
16:22:45,705 INFO rngd:Initalizing entropy source JITTER Entropy generator
